[0.444s] Invoking command in '/home/motong/ros_learn/d2lros2/chapt2/chapt2_ws/src/example_py': PYTHONPATH=/home/motong/ros_learn/d2lros2/chapt2/chapt2_ws/build/example_py/prefix_override:/usr/lib/python3/dist-packages/colcon_core/task/python/colcon_distutils_commands:/home/motong/ros_learn/d2lros2/chapt2/chapt2_ws/install/example_py/lib/python3.10/site-packages:${PYTHONPATH} /usr/bin/python3 -W ignore:setup.py install is deprecated -W ignore:easy_install command is deprecated setup.py egg_info --egg-base ../../build/example_py build --build-base /home/motong/ros_learn/d2lros2/chapt2/chapt2_ws/build/example_py/build install --record /home/motong/ros_learn/d2lros2/chapt2/chapt2_ws/build/example_py/install.log --install-scripts $base/lib/example_py --single-version-externally-managed install_data
[0.608s] running egg_info
[0.608s] writing ../../build/example_py/example_py.egg-info/PKG-INFO
[0.609s] writing dependency_links to ../../build/example_py/example_py.egg-info/dependency_links.txt
[0.609s] writing entry points to ../../build/example_py/example_py.egg-info/entry_points.txt
[0.609s] writing requirements to ../../build/example_py/example_py.egg-info/requires.txt
[0.609s] writing top-level names to ../../build/example_py/example_py.egg-info/top_level.txt
[0.611s] reading manifest file '../../build/example_py/example_py.egg-info/SOURCES.txt'
[0.611s] writing manifest file '../../build/example_py/example_py.egg-info/SOURCES.txt'
[0.612s] running build
[0.612s] running build_py
[0.612s] copying example_py/node_04.py -> /home/motong/ros_learn/d2lros2/chapt2/chapt2_ws/build/example_py/build/lib/example_py
[0.612s] running install
[0.613s] running install_lib
[0.613s] copying /home/motong/ros_learn/d2lros2/chapt2/chapt2_ws/build/example_py/build/lib/example_py/node_04.py -> /home/motong/ros_learn/d2lros2/chapt2/chapt2_ws/install/example_py/lib/python3.10/site-packages/example_py
[0.614s] byte-compiling /home/motong/ros_learn/d2lros2/chapt2/chapt2_ws/install/example_py/lib/python3.10/site-packages/example_py/node_04.py to node_04.cpython-310.pyc
[0.614s] running install_data
[0.614s] running install_egg_info
[0.616s] removing '/home/motong/ros_learn/d2lros2/chapt2/chapt2_ws/install/example_py/lib/python3.10/site-packages/example_py-0.0.0-py3.10.egg-info' (and everything under it)
[0.616s] Copying ../../build/example_py/example_py.egg-info to /home/motong/ros_learn/d2lros2/chapt2/chapt2_ws/install/example_py/lib/python3.10/site-packages/example_py-0.0.0-py3.10.egg-info
[0.617s] running install_scripts
[0.636s] Installing node_02 script to /home/motong/ros_learn/d2lros2/chapt2/chapt2_ws/install/example_py/lib/example_py
[0.636s] Installing node_04 script to /home/motong/ros_learn/d2lros2/chapt2/chapt2_ws/install/example_py/lib/example_py
[0.637s] writing list of installed files to '/home/motong/ros_learn/d2lros2/chapt2/chapt2_ws/build/example_py/install.log'
[0.658s] Invoked command in '/home/motong/ros_learn/d2lros2/chapt2/chapt2_ws/src/example_py' returned '0': PYTHONPATH=/home/motong/ros_learn/d2lros2/chapt2/chapt2_ws/build/example_py/prefix_override:/usr/lib/python3/dist-packages/colcon_core/task/python/colcon_distutils_commands:/home/motong/ros_learn/d2lros2/chapt2/chapt2_ws/install/example_py/lib/python3.10/site-packages:${PYTHONPATH} /usr/bin/python3 -W ignore:setup.py install is deprecated -W ignore:easy_install command is deprecated setup.py egg_info --egg-base ../../build/example_py build --build-base /home/motong/ros_learn/d2lros2/chapt2/chapt2_ws/build/example_py/build install --record /home/motong/ros_learn/d2lros2/chapt2/chapt2_ws/build/example_py/install.log --install-scripts $base/lib/example_py --single-version-externally-managed install_data
