[0.434s] Invoking command in '/home/motong/ros_learn/d2lros2/chapt2/chapt2_ws/src/example_py': PYTHONPATH=/home/motong/ros_learn/d2lros2/chapt2/chapt2_ws/build/example_py/prefix_override:/usr/lib/python3/dist-packages/colcon_core/task/python/colcon_distutils_commands:/home/motong/ros_learn/d2lros2/chapt2/chapt2_ws/install/example_py/lib/python3.10/site-packages:${PYTHONPATH} /usr/bin/python3 -W ignore:setup.py install is deprecated -W ignore:easy_install command is deprecated setup.py egg_info --egg-base ../../build/example_py build --build-base /home/motong/ros_learn/d2lros2/chapt2/chapt2_ws/build/example_py/build install --record /home/motong/ros_learn/d2lros2/chapt2/chapt2_ws/build/example_py/install.log --install-scripts $base/lib/example_py --single-version-externally-managed install_data
[0.591s] running egg_info
[0.591s] creating ../../build/example_py/example_py.egg-info
[0.591s] writing ../../build/example_py/example_py.egg-info/PKG-INFO
[0.591s] writing dependency_links to ../../build/example_py/example_py.egg-info/dependency_links.txt
[0.591s] writing entry points to ../../build/example_py/example_py.egg-info/entry_points.txt
[0.592s] writing requirements to ../../build/example_py/example_py.egg-info/requires.txt
[0.592s] writing top-level names to ../../build/example_py/example_py.egg-info/top_level.txt
[0.592s] writing manifest file '../../build/example_py/example_py.egg-info/SOURCES.txt'
[0.593s] reading manifest file '../../build/example_py/example_py.egg-info/SOURCES.txt'
[0.593s] writing manifest file '../../build/example_py/example_py.egg-info/SOURCES.txt'
[0.593s] running build
[0.593s] running build_py
[0.593s] creating /home/motong/ros_learn/d2lros2/chapt2/chapt2_ws/build/example_py/build
[0.593s] creating /home/motong/ros_learn/d2lros2/chapt2/chapt2_ws/build/example_py/build/lib
[0.593s] creating /home/motong/ros_learn/d2lros2/chapt2/chapt2_ws/build/example_py/build/lib/example_py
[0.594s] copying example_py/__init__.py -> /home/motong/ros_learn/d2lros2/chapt2/chapt2_ws/build/example_py/build/lib/example_py
[0.594s] copying example_py/node_02.py -> /home/motong/ros_learn/d2lros2/chapt2/chapt2_ws/build/example_py/build/lib/example_py
[0.594s] running install
[0.594s] running install_lib
[0.595s] creating /home/motong/ros_learn/d2lros2/chapt2/chapt2_ws/install/example_py/lib/python3.10/site-packages/example_py
[0.595s] copying /home/motong/ros_learn/d2lros2/chapt2/chapt2_ws/build/example_py/build/lib/example_py/__init__.py -> /home/motong/ros_learn/d2lros2/chapt2/chapt2_ws/install/example_py/lib/python3.10/site-packages/example_py
[0.595s] copying /home/motong/ros_learn/d2lros2/chapt2/chapt2_ws/build/example_py/build/lib/example_py/node_02.py -> /home/motong/ros_learn/d2lros2/chapt2/chapt2_ws/install/example_py/lib/python3.10/site-packages/example_py
[0.595s] byte-compiling /home/motong/ros_learn/d2lros2/chapt2/chapt2_ws/install/example_py/lib/python3.10/site-packages/example_py/__init__.py to __init__.cpython-310.pyc
[0.596s] byte-compiling /home/motong/ros_learn/d2lros2/chapt2/chapt2_ws/install/example_py/lib/python3.10/site-packages/example_py/node_02.py to node_02.cpython-310.pyc
[0.596s] running install_data
[0.596s] creating /home/motong/ros_learn/d2lros2/chapt2/chapt2_ws/install/example_py/share/ament_index
[0.596s] creating /home/motong/ros_learn/d2lros2/chapt2/chapt2_ws/install/example_py/share/ament_index/resource_index
[0.596s] creating /home/motong/ros_learn/d2lros2/chapt2/chapt2_ws/install/example_py/share/ament_index/resource_index/packages
[0.596s] copying resource/example_py -> /home/motong/ros_learn/d2lros2/chapt2/chapt2_ws/install/example_py/share/ament_index/resource_index/packages
[0.596s] copying package.xml -> /home/motong/ros_learn/d2lros2/chapt2/chapt2_ws/install/example_py/share/example_py
[0.596s] running install_egg_info
[0.598s] Copying ../../build/example_py/example_py.egg-info to /home/motong/ros_learn/d2lros2/chapt2/chapt2_ws/install/example_py/lib/python3.10/site-packages/example_py-0.0.0-py3.10.egg-info
[0.598s] running install_scripts
[0.615s] Installing node_02 script to /home/motong/ros_learn/d2lros2/chapt2/chapt2_ws/install/example_py/lib/example_py
[0.616s] writing list of installed files to '/home/motong/ros_learn/d2lros2/chapt2/chapt2_ws/build/example_py/install.log'
[0.639s] Invoked command in '/home/motong/ros_learn/d2lros2/chapt2/chapt2_ws/src/example_py' returned '0': PYTHONPATH=/home/motong/ros_learn/d2lros2/chapt2/chapt2_ws/build/example_py/prefix_override:/usr/lib/python3/dist-packages/colcon_core/task/python/colcon_distutils_commands:/home/motong/ros_learn/d2lros2/chapt2/chapt2_ws/install/example_py/lib/python3.10/site-packages:${PYTHONPATH} /usr/bin/python3 -W ignore:setup.py install is deprecated -W ignore:easy_install command is deprecated setup.py egg_info --egg-base ../../build/example_py build --build-base /home/motong/ros_learn/d2lros2/chapt2/chapt2_ws/build/example_py/build install --record /home/motong/ros_learn/d2lros2/chapt2/chapt2_ws/build/example_py/install.log --install-scripts $base/lib/example_py --single-version-externally-managed install_data
