[35m[1mConsolidate compiler generated dependencies of target topic_subscriber_01[0m
[ 50%] Built target topic_publisher_01
[ 75%] [32mBuilding CXX object CMakeFiles/topic_subscriber_01.dir/src/topic_subscriber_01.cpp.o[0m
[01m[K/home/motong/ros_learn/d2lros2/chapt3/chapt3_ws/src/example_topic_rclcpp/src/topic_subscriber_01.cpp:7:38:[m[K [01;31m[Kerror: [m[Kexpected ‘[01m[K)[m[K’ before ‘[01m[Kname[m[K’
    7 |         TopicSubscriber01[34m[K([m[Kstd::String[01;31m[K [m[K[32m[Kname[m[K) : Node(name)
      |                          [34m[K~[m[K           [01;31m[K^[m[K[32m[K~~~~[m[K
      |                                      [32m[K)[m[K
In file included from [01m[K/usr/include/x86_64-linux-gnu/c++/11/bits/c++allocator.h:33[m[K,
                 from [01m[K/usr/include/c++/11/bits/allocator.h:46[m[K,
                 from [01m[K/usr/include/c++/11/memory:64[m[K,
                 from [01m[K/opt/ros/humble/include/rclcpp/rclcpp/rclcpp.hpp:153[m[K,
                 from [01m[K/home/motong/ros_learn/d2lros2/chapt3/chapt3_ws/src/example_topic_rclcpp/src/topic_subscriber_01.cpp:1[m[K:
/usr/include/c++/11/ext/new_allocator.h: In instantiation of ‘[01m[Kvoid __gnu_cxx::new_allocator<_Tp>::construct(_Up*, _Args&& ...) [with _Up = TopicSubscriber01; _Args = {const char (&)[20]}; _Tp = TopicSubscriber01][m[K’:
[01m[K/usr/include/c++/11/bits/alloc_traits.h:516:17:[m[K   required from ‘[01m[Kstatic void std::allocator_traits<std::allocator<_Tp1> >::construct(std::allocator_traits<std::allocator<_Tp1> >::allocator_type&, _Up*, _Args&& ...) [with _Up = TopicSubscriber01; _Args = {const char (&)[20]}; _Tp = TopicSubscriber01; std::allocator_traits<std::allocator<_Tp1> >::allocator_type = std::allocator<TopicSubscriber01>][m[K’
[01m[K/usr/include/c++/11/bits/shared_ptr_base.h:519:39:[m[K   required from ‘[01m[Kstd::_Sp_counted_ptr_inplace<_Tp, _Alloc, _Lp>::_Sp_counted_ptr_inplace(_Alloc, _Args&& ...) [with _Args = {const char (&)[20]}; _Tp = TopicSubscriber01; _Alloc = std::allocator<TopicSubscriber01>; __gnu_cxx::_Lock_policy _Lp = __gnu_cxx::_S_atomic][m[K’
[01m[K/usr/include/c++/11/bits/shared_ptr_base.h:650:16:[m[K   required from ‘[01m[Kstd::__shared_count<_Lp>::__shared_count(_Tp*&, std::_Sp_alloc_shared_tag<_Alloc>, _Args&& ...) [with _Tp = TopicSubscriber01; _Alloc = std::allocator<TopicSubscriber01>; _Args = {const char (&)[20]}; __gnu_cxx::_Lock_policy _Lp = __gnu_cxx::_S_atomic][m[K’
[01m[K/usr/include/c++/11/bits/shared_ptr_base.h:1342:14:[m[K   required from ‘[01m[Kstd::__shared_ptr<_Tp, _Lp>::__shared_ptr(std::_Sp_alloc_shared_tag<_Tp>, _Args&& ...) [with _Alloc = std::allocator<TopicSubscriber01>; _Args = {const char (&)[20]}; _Tp = TopicSubscriber01; __gnu_cxx::_Lock_policy _Lp = __gnu_cxx::_S_atomic][m[K’
[01m[K/usr/include/c++/11/bits/shared_ptr.h:409:59:[m[K   required from ‘[01m[Kstd::shared_ptr<_Tp>::shared_ptr(std::_Sp_alloc_shared_tag<_Tp>, _Args&& ...) [with _Alloc = std::allocator<TopicSubscriber01>; _Args = {const char (&)[20]}; _Tp = TopicSubscriber01][m[K’
[01m[K/usr/include/c++/11/bits/shared_ptr.h:862:14:[m[K   required from ‘[01m[Kstd::shared_ptr<_Tp> std::allocate_shared(const _Alloc&, _Args&& ...) [with _Tp = TopicSubscriber01; _Alloc = std::allocator<TopicSubscriber01>; _Args = {const char (&)[20]}][m[K’
[01m[K/usr/include/c++/11/bits/shared_ptr.h:878:39:[m[K   required from ‘[01m[Kstd::shared_ptr<_Tp> std::make_shared(_Args&& ...) [with _Tp = TopicSubscriber01; _Args = {const char (&)[20]}][m[K’
[01m[K/home/motong/ros_learn/d2lros2/chapt3/chapt3_ws/src/example_topic_rclcpp/src/topic_subscriber_01.cpp:19:52:[m[K   required from here
[01m[K/usr/include/c++/11/ext/new_allocator.h:162:11:[m[K [01;31m[Kerror: [m[Kno matching function for call to ‘[01m[KTopicSubscriber01::TopicSubscriber01(const char [20])[m[K’
  162 |         { [01;31m[K::new((void *)__p) _Up(std::forward<_Args>(__args)...)[m[K; }
      |           [01;31m[K^~~~~~~~~~~~~~~~~~~~~~~~~~~~~~~~~~~~~~~~~~~~~~~~~~~~~~[m[K
[01m[K/home/motong/ros_learn/d2lros2/chapt3/chapt3_ws/src/example_topic_rclcpp/src/topic_subscriber_01.cpp:3:7:[m[K [01;36m[Knote: [m[Kcandidate: ‘[01m[KTopicSubscriber01::TopicSubscriber01()[m[K’ (deleted)
    3 | class [01;36m[KTopicSubscriber01[m[K : public rclcpp::Node
      |       [01;36m[K^~~~~~~~~~~~~~~~~[m[K
[01m[K/home/motong/ros_learn/d2lros2/chapt3/chapt3_ws/src/example_topic_rclcpp/src/topic_subscriber_01.cpp:3:7:[m[K [01;36m[Knote: [m[K  candidate expects 0 arguments, 1 provided
[01m[K/home/motong/ros_learn/d2lros2/chapt3/chapt3_ws/src/example_topic_rclcpp/src/topic_subscriber_01.cpp:3:7:[m[K [01;36m[Knote: [m[Kcandidate: ‘[01m[KTopicSubscriber01::TopicSubscriber01(const TopicSubscriber01&)[m[K’ (deleted)
[01m[K/home/motong/ros_learn/d2lros2/chapt3/chapt3_ws/src/example_topic_rclcpp/src/topic_subscriber_01.cpp:3:7:[m[K [01;36m[Knote: [m[K  no known conversion for argument 1 from ‘[01m[Kconst char [20][m[K’ to ‘[01m[Kconst TopicSubscriber01&[m[K’
[01m[K/home/motong/ros_learn/d2lros2/chapt3/chapt3_ws/src/example_topic_rclcpp/src/topic_subscriber_01.cpp:3:7:[m[K [01;36m[Knote: [m[Kcandidate: ‘[01m[KTopicSubscriber01::TopicSubscriber01(TopicSubscriber01&&)[m[K’ (deleted)
[01m[K/home/motong/ros_learn/d2lros2/chapt3/chapt3_ws/src/example_topic_rclcpp/src/topic_subscriber_01.cpp:3:7:[m[K [01;36m[Knote: [m[K  no known conversion for argument 1 from ‘[01m[Kconst char [20][m[K’ to ‘[01m[KTopicSubscriber01&&[m[K’
gmake[2]: *** [CMakeFiles/topic_subscriber_01.dir/build.make:76：CMakeFiles/topic_subscriber_01.dir/src/topic_subscriber_01.cpp.o] 错误 1
gmake[1]: *** [CMakeFiles/Makefile2:165：CMakeFiles/topic_subscriber_01.dir/all] 错误 2
gmake: *** [Makefile:146：all] 错误 2
