[0.020s] Invoking command in '/home/motong/ros_learn/d2lros2/chapt2/chapt2_ws/build/example_cpp': CMAKE_PREFIX_PATH=${CMAKE_PREFIX_PATH}:/home/motong/ros_learn/d2lros2/chapt2/chapt2_ws/install/example_py:/home/motong/ros_learn/d2lros2/chapt2/colcon_test_ws/install/launch_testing_examples:/home/motong/ros_learn/d2lros2/chapt2/colcon_test_ws/install/examples_rclpy_pointcloud_publisher:/home/motong/ros_learn/d2lros2/chapt2/colcon_test_ws/install/examples_rclpy_minimal_subscriber:/home/motong/ros_learn/d2lros2/chapt2/colcon_test_ws/install/examples_rclpy_minimal_service:/home/motong/ros_learn/d2lros2/chapt2/colcon_test_ws/install/examples_rclpy_minimal_publisher:/home/motong/ros_learn/d2lros2/chapt2/colcon_test_ws/install/examples_rclpy_minimal_client:/home/motong/ros_learn/d2lros2/chapt2/colcon_test_ws/install/examples_rclpy_minimal_action_server:/home/motong/ros_learn/d2lros2/chapt2/colcon_test_ws/install/examples_rclpy_minimal_action_client:/home/motong/ros_learn/d2lros2/chapt2/colcon_test_ws/install/examples_rclpy_guard_conditions:/home/motong/ros_learn/d2lros2/chapt2/colcon_test_ws/install/examples_rclpy_executors:/opt/ros/humble /usr/bin/cmake --build /home/motong/ros_learn/d2lros2/chapt2/chapt2_ws/build/example_cpp -- -j8 -l8
[0.049s] -- Found ament_cmake: 1.3.14 (/opt/ros/humble/share/ament_cmake/cmake)
[0.159s] -- Found rclcpp: 16.0.21 (/opt/ros/humble/share/rclcpp/cmake)
[0.179s] -- Found rosidl_generator_c: 3.1.9 (/opt/ros/humble/share/rosidl_generator_c/cmake)
[0.180s] -- Found rosidl_adapter: 3.1.9 (/opt/ros/humble/share/rosidl_adapter/cmake)
[0.184s] -- Found rosidl_generator_cpp: 3.1.9 (/opt/ros/humble/share/rosidl_generator_cpp/cmake)
[0.192s] -- Using all available rosidl_typesupport_c: rosidl_typesupport_fastrtps_c;rosidl_typesupport_introspection_c
[0.200s] -- Using all available rosidl_typesupport_cpp: rosidl_typesupport_fastrtps_cpp;rosidl_typesupport_introspection_cpp
[0.222s] -- Found rmw_implementation_cmake: 6.1.4 (/opt/ros/humble/share/rmw_implementation_cmake/cmake)
[0.224s] -- Found rmw_fastrtps_cpp: 6.2.10 (/opt/ros/humble/share/rmw_fastrtps_cpp/cmake)
[0.321s] -- Using RMW implementation 'rmw_fastrtps_cpp' as default
[0.355s] -- Found ament_lint_auto: 0.12.15 (/opt/ros/humble/share/ament_lint_auto/cmake)
[0.415s] -- Added test 'cppcheck' to perform static code analysis on C / C++ code
[0.415s] -- Configured cppcheck include dirs: 
[0.415s] -- Configured cppcheck exclude dirs and/or files: 
[0.415s] -- Added test 'lint_cmake' to check CMake code style
[0.416s] -- Added test 'uncrustify' to check C / C++ code style
[0.416s] -- Configured uncrustify additional arguments: 
[0.416s] -- Added test 'xmllint' to check XML markup files
[0.418s] [31mCMake Error at /opt/ros/humble/share/ament_cmake_target_dependencies/cmake/ament_target_dependencies.cmake:42 (message):
[0.418s]   ament_target_dependencies() the first argument must be a valid target name
[0.418s] Call Stack (most recent call first):
[0.418s]   CMakeLists.txt:27 (ament_target_dependencies)
[0.418s] 
[0.418s] [0m
[0.418s] -- Configuring incomplete, errors occurred!
[0.418s] See also "/home/motong/ros_learn/d2lros2/chapt2/chapt2_ws/build/example_cpp/CMakeFiles/CMakeOutput.log".
[0.427s] gmake: *** [Makefile:267：cmake_check_build_system] 错误 1
[0.429s] Invoked command in '/home/motong/ros_learn/d2lros2/chapt2/chapt2_ws/build/example_cpp' returned '2': CMAKE_PREFIX_PATH=${CMAKE_PREFIX_PATH}:/home/motong/ros_learn/d2lros2/chapt2/chapt2_ws/install/example_py:/home/motong/ros_learn/d2lros2/chapt2/colcon_test_ws/install/launch_testing_examples:/home/motong/ros_learn/d2lros2/chapt2/colcon_test_ws/install/examples_rclpy_pointcloud_publisher:/home/motong/ros_learn/d2lros2/chapt2/colcon_test_ws/install/examples_rclpy_minimal_subscriber:/home/motong/ros_learn/d2lros2/chapt2/colcon_test_ws/install/examples_rclpy_minimal_service:/home/motong/ros_learn/d2lros2/chapt2/colcon_test_ws/install/examples_rclpy_minimal_publisher:/home/motong/ros_learn/d2lros2/chapt2/colcon_test_ws/install/examples_rclpy_minimal_client:/home/motong/ros_learn/d2lros2/chapt2/colcon_test_ws/install/examples_rclpy_minimal_action_server:/home/motong/ros_learn/d2lros2/chapt2/colcon_test_ws/install/examples_rclpy_minimal_action_client:/home/motong/ros_learn/d2lros2/chapt2/colcon_test_ws/install/examples_rclpy_guard_conditions:/home/motong/ros_learn/d2lros2/chapt2/colcon_test_ws/install/examples_rclpy_executors:/opt/ros/humble /usr/bin/cmake --build /home/motong/ros_learn/d2lros2/chapt2/chapt2_ws/build/example_cpp -- -j8 -l8
