[0.016s] Invoking command in '/home/motong/ros_learn/d2lros2/chapt2/chapt2_ws/build/example_cpp': CMAKE_PREFIX_PATH=${CMAKE_PREFIX_PATH}:/home/motong/ros_learn/d2lros2/chapt2/chapt2_ws/install/example_py:/home/motong/ros_learn/d2lros2/chapt2/colcon_test_ws/install/launch_testing_examples:/home/motong/ros_learn/d2lros2/chapt2/colcon_test_ws/install/examples_rclpy_pointcloud_publisher:/home/motong/ros_learn/d2lros2/chapt2/colcon_test_ws/install/examples_rclpy_minimal_subscriber:/home/motong/ros_learn/d2lros2/chapt2/colcon_test_ws/install/examples_rclpy_minimal_service:/home/motong/ros_learn/d2lros2/chapt2/colcon_test_ws/install/examples_rclpy_minimal_publisher:/home/motong/ros_learn/d2lros2/chapt2/colcon_test_ws/install/examples_rclpy_minimal_client:/home/motong/ros_learn/d2lros2/chapt2/colcon_test_ws/install/examples_rclpy_minimal_action_server:/home/motong/ros_learn/d2lros2/chapt2/colcon_test_ws/install/examples_rclpy_minimal_action_client:/home/motong/ros_learn/d2lros2/chapt2/colcon_test_ws/install/examples_rclpy_guard_conditions:/home/motong/ros_learn/d2lros2/chapt2/colcon_test_ws/install/examples_rclpy_executors:/opt/ros/humble /usr/bin/cmake --build /home/motong/ros_learn/d2lros2/chapt2/chapt2_ws/build/example_cpp -- -j8 -l8
[0.066s] [35m[1mConsolidate compiler generated dependencies of target node_03[0m
[0.086s] [ 50%] [32mBuilding CXX object CMakeFiles/node_03.dir/src/node_03.cpp.o[0m
[1.897s] [01m[K/home/motong/ros_learn/d2lros2/chapt2/chapt2_ws/src/example_cpp/src/node_03.cpp:16:2:[m[K [01;31m[Kerror: [m[Kexpected ‘[01m[K;[m[K’ after class definition
[1.897s]    16 | }
[1.897s]       |  [01;31m[K^[m[K
[1.897s]       |  [32m[K;[m[K
[1.897s] [01m[K/home/motong/ros_learn/d2lros2/chapt2/chapt2_ws/src/example_cpp/src/node_03.cpp:17:19:[m[K [01;31m[Kerror: [m[K‘[01m[Kcahr[m[K’ has not been declared
[1.897s]    17 | int main(int argc,[01;31m[Kcahr[m[K **argv)
[1.898s]       |                   [01;31m[K^~~~[m[K
[1.898s] [01m[K/home/motong/ros_learn/d2lros2/chapt2/chapt2_ws/src/example_cpp/src/node_03.cpp:17:5:[m[K [01;35m[Kwarning: [m[Ksecond argument of ‘[01m[Kint main(int, int**)[m[K’ should be ‘[01m[Kchar **[m[K’ [[01;35m[K]8;;https://gcc.gnu.org/onlinedocs/gcc/Warning-Options.html#index-Wmain-Wmain]8;;[m[K]
[1.898s]    17 | int [01;35m[Kmain[m[K(int argc,cahr **argv)
[1.898s]       |     [01;35m[K^~~~[m[K
[1.898s] [01m[K/home/motong/ros_learn/d2lros2/chapt2/chapt2_ws/src/example_cpp/src/node_03.cpp:[m[K In function ‘[01m[Kint main(int, int**)[m[K’:
[1.898s] [01m[K/home/motong/ros_learn/d2lros2/chapt2/chapt2_ws/src/example_cpp/src/node_03.cpp:19:15:[m[K [01;31m[Kerror: [m[Kcannot convert ‘[01m[Kint**[m[K’ to ‘[01m[Kconst char* const*[m[K’
[1.898s]    19 |     init(argc,[01;31m[Kargv[m[K);
[1.898s]       |               [01;31m[K^~~~[m[K
[1.898s]       |               [01;31m[K|[m[K
[1.898s]       |               [01;31m[Kint**[m[K
[1.898s] In file included from [01m[K/opt/ros/humble/include/rclcpp/rclcpp/logging.hpp:25[m[K,
[1.898s]                  from [01m[K/opt/ros/humble/include/rclcpp/rclcpp/client.hpp:40[m[K,
[1.898s]                  from [01m[K/opt/ros/humble/include/rclcpp/rclcpp/callback_group.hpp:24[m[K,
[1.898s]                  from [01m[K/opt/ros/humble/include/rclcpp/rclcpp/any_executable.hpp:20[m[K,
[1.898s]                  from [01m[K/opt/ros/humble/include/rclcpp/rclcpp/memory_strategy.hpp:25[m[K,
[1.898s]                  from [01m[K/opt/ros/humble/include/rclcpp/rclcpp/memory_strategies.hpp:18[m[K,
[1.898s]                  from [01m[K/opt/ros/humble/include/rclcpp/rclcpp/executor_options.hpp:20[m[K,
[1.898s]                  from [01m[K/opt/ros/humble/include/rclcpp/rclcpp/executor.hpp:37[m[K,
[1.898s]                  from [01m[K/opt/ros/humble/include/rclcpp/rclcpp/executors/multi_threaded_executor.hpp:25[m[K,
[1.898s]                  from [01m[K/opt/ros/humble/include/rclcpp/rclcpp/executors.hpp:21[m[K,
[1.898s]                  from [01m[K/opt/ros/humble/include/rclcpp/rclcpp/rclcpp.hpp:155[m[K,
[1.898s]                  from [01m[K/home/motong/ros_learn/d2lros2/chapt2/chapt2_ws/src/example_cpp/src/node_03.cpp:1[m[K:
[1.898s] [01m[K/opt/ros/humble/include/rclcpp/rclcpp/utilities.hpp:77:24:[m[K [01;36m[Knote: [m[K  initializing argument 2 of ‘[01m[Kvoid rclcpp::init(int, const char* const*, const rclcpp::InitOptions&, rclcpp::SignalHandlerOptions)[m[K’
[1.898s]    77 |   [01;36m[Kchar const * const * argv[m[K,
[1.898s]       |   [01;36m[K~~~~~~~~~~~~~~~~~~~~~^~~~[m[K
[2.217s] gmake[2]: *** [CMakeFiles/node_03.dir/build.make:76：CMakeFiles/node_03.dir/src/node_03.cpp.o] 错误 1
[2.217s] gmake[1]: *** [CMakeFiles/Makefile2:137：CMakeFiles/node_03.dir/all] 错误 2
[2.218s] gmake: *** [Makefile:146：all] 错误 2
[2.222s] Invoked command in '/home/motong/ros_learn/d2lros2/chapt2/chapt2_ws/build/example_cpp' returned '2': CMAKE_PREFIX_PATH=${CMAKE_PREFIX_PATH}:/home/motong/ros_learn/d2lros2/chapt2/chapt2_ws/install/example_py:/home/motong/ros_learn/d2lros2/chapt2/colcon_test_ws/install/launch_testing_examples:/home/motong/ros_learn/d2lros2/chapt2/colcon_test_ws/install/examples_rclpy_pointcloud_publisher:/home/motong/ros_learn/d2lros2/chapt2/colcon_test_ws/install/examples_rclpy_minimal_subscriber:/home/motong/ros_learn/d2lros2/chapt2/colcon_test_ws/install/examples_rclpy_minimal_service:/home/motong/ros_learn/d2lros2/chapt2/colcon_test_ws/install/examples_rclpy_minimal_publisher:/home/motong/ros_learn/d2lros2/chapt2/colcon_test_ws/install/examples_rclpy_minimal_client:/home/motong/ros_learn/d2lros2/chapt2/colcon_test_ws/install/examples_rclpy_minimal_action_server:/home/motong/ros_learn/d2lros2/chapt2/colcon_test_ws/install/examples_rclpy_minimal_action_client:/home/motong/ros_learn/d2lros2/chapt2/colcon_test_ws/install/examples_rclpy_guard_conditions:/home/motong/ros_learn/d2lros2/chapt2/colcon_test_ws/install/examples_rclpy_executors:/opt/ros/humble /usr/bin/cmake --build /home/motong/ros_learn/d2lros2/chapt2/chapt2_ws/build/example_cpp -- -j8 -l8
