[ 75%] [32mBuilding CXX object CMakeFiles/topic_subscriber_01.dir/src/topic_subscriber_01.cpp.o[0m
[ 75%] Built target topic_publisher_01
[01m[K/home/motong/ros_learn/d2lros2/chapt3/chapt3_ws/src/example_topic_rclcpp/src/topic_subscriber_01.cpp:17:9:[m[K [01;31m[Kerror: [m[Kexpected unqualified-id before ‘[01m[Kif[m[K’
   17 |         [01;31m[Kif[m[K(msg->data == "forward")
      |         [01;31m[K^~[m[K
In file included from [01m[K/opt/ros/humble/include/rclcpp/rclcpp/client.hpp:40[m[K,
                 from [01m[K/opt/ros/humble/include/rclcpp/rclcpp/callback_group.hpp:24[m[K,
                 from [01m[K/opt/ros/humble/include/rclcpp/rclcpp/any_executable.hpp:20[m[K,
                 from [01m[K/opt/ros/humble/include/rclcpp/rclcpp/memory_strategy.hpp:25[m[K,
                 from [01m[K/opt/ros/humble/include/rclcpp/rclcpp/memory_strategies.hpp:18[m[K,
                 from [01m[K/opt/ros/humble/include/rclcpp/rclcpp/executor_options.hpp:20[m[K,
                 from [01m[K/opt/ros/humble/include/rclcpp/rclcpp/executor.hpp:37[m[K,
                 from [01m[K/opt/ros/humble/include/rclcpp/rclcpp/executors/multi_threaded_executor.hpp:25[m[K,
                 from [01m[K/opt/ros/humble/include/rclcpp/rclcpp/executors.hpp:21[m[K,
                 from [01m[K/opt/ros/humble/include/rclcpp/rclcpp/rclcpp.hpp:155[m[K,
                 from [01m[K/home/motong/ros_learn/d2lros2/chapt3/chapt3_ws/src/example_topic_rclcpp/src/topic_subscriber_01.cpp:1[m[K:
[01m[K/home/motong/ros_learn/d2lros2/chapt3/chapt3_ws/src/example_topic_rclcpp/src/topic_subscriber_01.cpp:21:9:[m[K [01;31m[Kerror: [m[Kexpected unqualified-id before ‘[01m[Kdo[m[K’
   21 |         [01;31m[KRCLCPP_INFO[m[K(this->get_logger(),"收到[%s]命令，发送速度 %f"
      |         [01;31m[K^~~~~~~~~~~[m[K
[01m[K/home/motong/ros_learn/d2lros2/chapt3/chapt3_ws/src/example_topic_rclcpp/src/topic_subscriber_01.cpp:21:9:[m[K [01;31m[Kerror: [m[Kexpected unqualified-id before ‘[01m[Kwhile[m[K’
   21 |         [01;31m[KRCLCPP_INFO[m[K(this->get_logger(),"收到[%s]命令，发送速度 %f"
      |         [01;31m[K^~~~~~~~~~~[m[K
[01m[K/home/motong/ros_learn/d2lros2/chapt3/chapt3_ws/src/example_topic_rclcpp/src/topic_subscriber_01.cpp:[m[K In constructor ‘[01m[KTopicSubscriber01::TopicSubscriber01(std::string)[m[K’:
[01m[K/home/motong/ros_learn/d2lros2/chapt3/chapt3_ws/src/example_topic_rclcpp/src/topic_subscriber_01.cpp:11:13:[m[K [01;31m[Kerror: [m[K‘[01m[Kcommand_subscriber_[m[K’ was not declared in this scope; did you mean ‘[01m[Kcount_subscribers[m[K’?
   11 |             [01;31m[Kcommand_subscriber_[m[K = this->create_subscription<std_msgs::msg::String>
      |             [01;31m[K^~~~~~~~~~~~~~~~~~~[m[K
      |             [32m[Kcount_subscribers[m[K
[01m[K/home/motong/ros_learn/d2lros2/chapt3/chapt3_ws/src/example_topic_rclcpp/src/topic_subscriber_01.cpp:12:69:[m[K [01;31m[Kerror: [m[K‘[01m[Kcommand_callback[m[K’ is not a member of ‘[01m[KTopicSubscriber01[m[K’
   12 |                         ("command",10,std::bind(&TopicSubscriber01::[01;31m[Kcommand_callback[m[K,
      |                                                                     [01;31m[K^~~~~~~~~~~~~~~~[m[K
gmake[2]: *** [CMakeFiles/topic_subscriber_01.dir/build.make:76：CMakeFiles/topic_subscriber_01.dir/src/topic_subscriber_01.cpp.o] 错误 1
gmake[1]: *** [CMakeFiles/Makefile2:165：CMakeFiles/topic_subscriber_01.dir/all] 错误 2
gmake: *** [Makefile:146：all] 错误 2
