[0.073s] DEBUG:colcon:Command line arguments: ['/usr/bin/colcon', 'build']
[0.073s] DEBUG:colcon:Parsed command line arguments: Namespace(log_base=None, log_level=None, verb_name='build', build_base='build', install_base='install', merge_install=False, symlink_install=False, test_result_base=None, continue_on_error=False, executor='parallel', parallel_workers=8, event_handlers=None, ignore_user_meta=False, metas=['./colcon.meta'], base_paths=['.'], packages_ignore=None, packages_ignore_regex=None, paths=None, packages_up_to=None, packages_up_to_regex=None, packages_above=None, packages_above_and_dependencies=None, packages_above_depth=None, packages_select_by_dep=None, packages_skip_by_dep=None, packages_skip_up_to=None, packages_select_build_failed=False, packages_skip_build_finished=False, packages_select_test_failures=False, packages_skip_test_passed=False, packages_select=None, packages_skip=None, packages_select_regex=None, packages_skip_regex=None, packages_start=None, packages_end=None, allow_overriding=[], cmake_args=None, cmake_target=None, cmake_target_skip_unavailable=False, cmake_clean_cache=False, cmake_clean_first=False, cmake_force_configure=False, ament_cmake_args=None, catkin_cmake_args=None, catkin_skip_building_tests=False, verb_parser=<colcon_defaults.argument_parser.defaults.DefaultArgumentsDecorator object at 0x76d434a15a80>, verb_extension=<colcon_core.verb.build.BuildVerb object at 0x76d434b4f190>, main=<bound method BuildVerb.main of <colcon_core.verb.build.BuildVerb object at 0x76d434b4f190>>)
[0.176s] Level 1:colcon.colcon_core.package_discovery:discover_packages(colcon_meta) check parameters
[0.176s] Level 1:colcon.colcon_core.package_discovery:discover_packages(recursive) check parameters
[0.176s] Level 1:colcon.colcon_core.package_discovery:discover_packages(ignore) check parameters
[0.176s] Level 1:colcon.colcon_core.package_discovery:discover_packages(path) check parameters
[0.176s] Level 1:colcon.colcon_core.package_discovery:discover_packages(colcon_meta) discover
[0.176s] Level 1:colcon.colcon_core.package_discovery:discover_packages(recursive) discover
[0.176s] INFO:colcon.colcon_core.package_discovery:Crawling recursively for packages in '/home/motong/ros_learn/d2lros2/chapt2/chapt2_ws'
[0.176s] Level 1:colcon.colcon_core.package_identification:_identify(.) by extensions ['ignore', 'ignore_ament_install']
[0.176s] Level 1:colcon.colcon_core.package_identification:_identify(.) by extension 'ignore'
[0.176s] Level 1:colcon.colcon_core.package_identification:_identify(.) by extension 'ignore_ament_install'
[0.176s] Level 1:colcon.colcon_core.package_identification:_identify(.) by extensions ['colcon_pkg']
[0.176s] Level 1:colcon.colcon_core.package_identification:_identify(.) by extension 'colcon_pkg'
[0.176s] Level 1:colcon.colcon_core.package_identification:_identify(.) by extensions ['colcon_meta']
[0.176s] Level 1:colcon.colcon_core.package_identification:_identify(.) by extension 'colcon_meta'
[0.176s] Level 1:colcon.colcon_core.package_identification:_identify(.) by extensions ['ros']
[0.176s] Level 1:colcon.colcon_core.package_identification:_identify(.) by extension 'ros'
[0.184s] Level 1:colcon.colcon_core.package_identification:_identify(.) by extensions ['cmake', 'python']
[0.184s] Level 1:colcon.colcon_core.package_identification:_identify(.) by extension 'cmake'
[0.184s] Level 1:colcon.colcon_core.package_identification:_identify(.) by extension 'python'
[0.184s] Level 1:colcon.colcon_core.package_identification:_identify(.) by extensions ['python_setup_py']
[0.184s] Level 1:colcon.colcon_core.package_identification:_identify(.) by extension 'python_setup_py'
[0.184s] Level 1:colcon.colcon_core.package_identification:_identify(build) by extensions ['ignore', 'ignore_ament_install']
[0.184s] Level 1:colcon.colcon_core.package_identification:_identify(build) by extension 'ignore'
[0.185s] Level 1:colcon.colcon_core.package_identification:_identify(build) ignored
[0.185s] Level 1:colcon.colcon_core.package_identification:_identify(install) by extensions ['ignore', 'ignore_ament_install']
[0.185s] Level 1:colcon.colcon_core.package_identification:_identify(install) by extension 'ignore'
[0.185s] Level 1:colcon.colcon_core.package_identification:_identify(install) ignored
[0.185s] Level 1:colcon.colcon_core.package_identification:_identify(log) by extensions ['ignore', 'ignore_ament_install']
[0.185s] Level 1:colcon.colcon_core.package_identification:_identify(log) by extension 'ignore'
[0.185s] Level 1:colcon.colcon_core.package_identification:_identify(log) ignored
[0.185s] Level 1:colcon.colcon_core.package_identification:_identify(src) by extensions ['ignore', 'ignore_ament_install']
[0.185s] Level 1:colcon.colcon_core.package_identification:_identify(src) by extension 'ignore'
[0.185s] Level 1:colcon.colcon_core.package_identification:_identify(src) by extension 'ignore_ament_install'
[0.185s] Level 1:colcon.colcon_core.package_identification:_identify(src) by extensions ['colcon_pkg']
[0.185s] Level 1:colcon.colcon_core.package_identification:_identify(src) by extension 'colcon_pkg'
[0.185s] Level 1:colcon.colcon_core.package_identification:_identify(src) by extensions ['colcon_meta']
[0.185s] Level 1:colcon.colcon_core.package_identification:_identify(src) by extension 'colcon_meta'
[0.185s] Level 1:colcon.colcon_core.package_identification:_identify(src) by extensions ['ros']
[0.185s] Level 1:colcon.colcon_core.package_identification:_identify(src) by extension 'ros'
[0.185s] Level 1:colcon.colcon_core.package_identification:_identify(src) by extensions ['cmake', 'python']
[0.185s] Level 1:colcon.colcon_core.package_identification:_identify(src) by extension 'cmake'
[0.185s] Level 1:colcon.colcon_core.package_identification:_identify(src) by extension 'python'
[0.185s] Level 1:colcon.colcon_core.package_identification:_identify(src) by extensions ['python_setup_py']
[0.185s] Level 1:colcon.colcon_core.package_identification:_identify(src) by extension 'python_setup_py'
[0.185s] Level 1:colcon.colcon_core.package_identification:_identify(src/example_cpp) by extensions ['ignore', 'ignore_ament_install']
[0.185s] Level 1:colcon.colcon_core.package_identification:_identify(src/example_cpp) by extension 'ignore'
[0.185s] Level 1:colcon.colcon_core.package_identification:_identify(src/example_cpp) by extension 'ignore_ament_install'
[0.185s] Level 1:colcon.colcon_core.package_identification:_identify(src/example_cpp) by extensions ['colcon_pkg']
[0.185s] Level 1:colcon.colcon_core.package_identification:_identify(src/example_cpp) by extension 'colcon_pkg'
[0.185s] Level 1:colcon.colcon_core.package_identification:_identify(src/example_cpp) by extensions ['colcon_meta']
[0.185s] Level 1:colcon.colcon_core.package_identification:_identify(src/example_cpp) by extension 'colcon_meta'
[0.185s] Level 1:colcon.colcon_core.package_identification:_identify(src/example_cpp) by extensions ['ros']
[0.185s] Level 1:colcon.colcon_core.package_identification:_identify(src/example_cpp) by extension 'ros'
[0.187s] DEBUG:colcon.colcon_core.package_identification:Package 'src/example_cpp' with type 'ros.ament_cmake' and name 'example_cpp'
[0.187s] Level 1:colcon.colcon_core.package_identification:_identify(src/example_py) by extensions ['ignore', 'ignore_ament_install']
[0.187s] Level 1:colcon.colcon_core.package_identification:_identify(src/example_py) by extension 'ignore'
[0.187s] Level 1:colcon.colcon_core.package_identification:_identify(src/example_py) by extension 'ignore_ament_install'
[0.187s] Level 1:colcon.colcon_core.package_identification:_identify(src/example_py) by extensions ['colcon_pkg']
[0.187s] Level 1:colcon.colcon_core.package_identification:_identify(src/example_py) by extension 'colcon_pkg'
[0.187s] Level 1:colcon.colcon_core.package_identification:_identify(src/example_py) by extensions ['colcon_meta']
[0.188s] Level 1:colcon.colcon_core.package_identification:_identify(src/example_py) by extension 'colcon_meta'
[0.188s] Level 1:colcon.colcon_core.package_identification:_identify(src/example_py) by extensions ['ros']
[0.188s] Level 1:colcon.colcon_core.package_identification:_identify(src/example_py) by extension 'ros'
[0.188s] DEBUG:colcon.colcon_core.package_identification:Package 'src/example_py' with type 'ros.ament_python' and name 'example_py'
[0.188s] Level 1:colcon.colcon_core.package_discovery:discover_packages(recursive) using defaults
[0.188s] Level 1:colcon.colcon_core.package_discovery:discover_packages(ignore) discover
[0.188s] Level 1:colcon.colcon_core.package_discovery:discover_packages(ignore) using defaults
[0.188s] Level 1:colcon.colcon_core.package_discovery:discover_packages(path) discover
[0.188s] Level 1:colcon.colcon_core.package_discovery:discover_packages(path) using defaults
[0.203s] Level 1:colcon.colcon_core.package_discovery:discover_packages(prefix_path) check parameters
[0.203s] Level 1:colcon.colcon_core.package_discovery:discover_packages(prefix_path) discover
[0.205s] DEBUG:colcon.colcon_installed_package_information.package_discovery:Found 2 installed packages in /home/motong/ros_learn/d2lros2/chapt2/chapt2_ws/install
[0.205s] DEBUG:colcon.colcon_installed_package_information.package_discovery:Found 22 installed packages in /home/motong/ros_learn/d2lros2/chapt2/colcon_test_ws/install
[0.206s] DEBUG:colcon.colcon_installed_package_information.package_discovery:Found 275 installed packages in /opt/ros/humble
[0.217s] Level 1:colcon.colcon_core.package_discovery:discover_packages(prefix_path) using defaults
[0.242s] Level 5:colcon.colcon_core.verb:set package 'example_cpp' build argument 'cmake_args' from command line to 'None'
[0.242s] Level 5:colcon.colcon_core.verb:set package 'example_cpp' build argument 'cmake_target' from command line to 'None'
[0.242s] Level 5:colcon.colcon_core.verb:set package 'example_cpp' build argument 'cmake_target_skip_unavailable' from command line to 'False'
[0.242s] Level 5:colcon.colcon_core.verb:set package 'example_cpp' build argument 'cmake_clean_cache' from command line to 'False'
[0.242s] Level 5:colcon.colcon_core.verb:set package 'example_cpp' build argument 'cmake_clean_first' from command line to 'False'
[0.242s] Level 5:colcon.colcon_core.verb:set package 'example_cpp' build argument 'cmake_force_configure' from command line to 'False'
[0.242s] Level 5:colcon.colcon_core.verb:set package 'example_cpp' build argument 'ament_cmake_args' from command line to 'None'
[0.242s] Level 5:colcon.colcon_core.verb:set package 'example_cpp' build argument 'catkin_cmake_args' from command line to 'None'
[0.242s] Level 5:colcon.colcon_core.verb:set package 'example_cpp' build argument 'catkin_skip_building_tests' from command line to 'False'
[0.242s] DEBUG:colcon.colcon_core.verb:Building package 'example_cpp' with the following arguments: {'ament_cmake_args': None, 'build_base': '/home/motong/ros_learn/d2lros2/chapt2/chapt2_ws/build/example_cpp', 'catkin_cmake_args': None, 'catkin_skip_building_tests': False, 'cmake_args': None, 'cmake_clean_cache': False, 'cmake_clean_first': False, 'cmake_force_configure': False, 'cmake_target': None, 'cmake_target_skip_unavailable': False, 'install_base': '/home/motong/ros_learn/d2lros2/chapt2/chapt2_ws/install/example_cpp', 'merge_install': False, 'path': '/home/motong/ros_learn/d2lros2/chapt2/chapt2_ws/src/example_cpp', 'symlink_install': False, 'test_result_base': None}
[0.243s] Level 5:colcon.colcon_core.verb:set package 'example_py' build argument 'cmake_args' from command line to 'None'
[0.243s] Level 5:colcon.colcon_core.verb:set package 'example_py' build argument 'cmake_target' from command line to 'None'
[0.243s] Level 5:colcon.colcon_core.verb:set package 'example_py' build argument 'cmake_target_skip_unavailable' from command line to 'False'
[0.243s] Level 5:colcon.colcon_core.verb:set package 'example_py' build argument 'cmake_clean_cache' from command line to 'False'
[0.243s] Level 5:colcon.colcon_core.verb:set package 'example_py' build argument 'cmake_clean_first' from command line to 'False'
[0.243s] Level 5:colcon.colcon_core.verb:set package 'example_py' build argument 'cmake_force_configure' from command line to 'False'
[0.243s] Level 5:colcon.colcon_core.verb:set package 'example_py' build argument 'ament_cmake_args' from command line to 'None'
[0.243s] Level 5:colcon.colcon_core.verb:set package 'example_py' build argument 'catkin_cmake_args' from command line to 'None'
[0.243s] Level 5:colcon.colcon_core.verb:set package 'example_py' build argument 'catkin_skip_building_tests' from command line to 'False'
[0.243s] DEBUG:colcon.colcon_core.verb:Building package 'example_py' with the following arguments: {'ament_cmake_args': None, 'build_base': '/home/motong/ros_learn/d2lros2/chapt2/chapt2_ws/build/example_py', 'catkin_cmake_args': None, 'catkin_skip_building_tests': False, 'cmake_args': None, 'cmake_clean_cache': False, 'cmake_clean_first': False, 'cmake_force_configure': False, 'cmake_target': None, 'cmake_target_skip_unavailable': False, 'install_base': '/home/motong/ros_learn/d2lros2/chapt2/chapt2_ws/install/example_py', 'merge_install': False, 'path': '/home/motong/ros_learn/d2lros2/chapt2/chapt2_ws/src/example_py', 'symlink_install': False, 'test_result_base': None}
[0.243s] INFO:colcon.colcon_core.executor:Executing jobs using 'parallel' executor
[0.244s] DEBUG:colcon.colcon_parallel_executor.executor.parallel:run_until_complete
[0.244s] INFO:colcon.colcon_ros.task.ament_cmake.build:Building ROS package in '/home/motong/ros_learn/d2lros2/chapt2/chapt2_ws/src/example_cpp' with build type 'ament_cmake'
[0.244s] INFO:colcon.colcon_cmake.task.cmake.build:Building CMake package in '/home/motong/ros_learn/d2lros2/chapt2/chapt2_ws/src/example_cpp'
[0.247s] INFO:colcon.colcon_core.plugin_system:Skipping extension 'colcon_core.shell.bat': Not used on non-Windows systems
[0.247s] INFO:colcon.colcon_core.shell:Skip shell extension 'powershell' for command environment: Not usable outside of PowerShell
[0.247s] DEBUG:colcon.colcon_core.shell:Skip shell extension 'dsv' for command environment
[0.251s] INFO:colcon.colcon_ros.task.ament_python.build:Building ROS package in '/home/motong/ros_learn/d2lros2/chapt2/chapt2_ws/src/example_py' with build type 'ament_python'
[0.251s] Level 1:colcon.colcon_core.shell:create_environment_hook('example_py', 'ament_prefix_path')
[0.252s] INFO:colcon.colcon_core.shell:Creating environment hook '/home/motong/ros_learn/d2lros2/chapt2/chapt2_ws/install/example_py/share/example_py/hook/ament_prefix_path.ps1'
[0.252s] INFO:colcon.colcon_core.shell:Creating environment descriptor '/home/motong/ros_learn/d2lros2/chapt2/chapt2_ws/install/example_py/share/example_py/hook/ament_prefix_path.dsv'
[0.253s] INFO:colcon.colcon_core.shell:Creating environment hook '/home/motong/ros_learn/d2lros2/chapt2/chapt2_ws/install/example_py/share/example_py/hook/ament_prefix_path.sh'
[0.254s] INFO:colcon.colcon_core.shell:Skip shell extension 'powershell' for command environment: Not usable outside of PowerShell
[0.254s] DEBUG:colcon.colcon_core.shell:Skip shell extension 'dsv' for command environment
[0.261s] DEBUG:colcon.colcon_core.event_handler.log_command:Invoking command in '/home/motong/ros_learn/d2lros2/chapt2/chapt2_ws/build/example_cpp': CMAKE_PREFIX_PATH=${CMAKE_PREFIX_PATH}:/home/motong/ros_learn/d2lros2/chapt2/chapt2_ws/install/example_py:/home/motong/ros_learn/d2lros2/chapt2/colcon_test_ws/install/launch_testing_examples:/home/motong/ros_learn/d2lros2/chapt2/colcon_test_ws/install/examples_rclpy_pointcloud_publisher:/home/motong/ros_learn/d2lros2/chapt2/colcon_test_ws/install/examples_rclpy_minimal_subscriber:/home/motong/ros_learn/d2lros2/chapt2/colcon_test_ws/install/examples_rclpy_minimal_service:/home/motong/ros_learn/d2lros2/chapt2/colcon_test_ws/install/examples_rclpy_minimal_publisher:/home/motong/ros_learn/d2lros2/chapt2/colcon_test_ws/install/examples_rclpy_minimal_client:/home/motong/ros_learn/d2lros2/chapt2/colcon_test_ws/install/examples_rclpy_minimal_action_server:/home/motong/ros_learn/d2lros2/chapt2/colcon_test_ws/install/examples_rclpy_minimal_action_client:/home/motong/ros_learn/d2lros2/chapt2/colcon_test_ws/install/examples_rclpy_guard_conditions:/home/motong/ros_learn/d2lros2/chapt2/colcon_test_ws/install/examples_rclpy_executors:/opt/ros/humble /usr/bin/cmake --build /home/motong/ros_learn/d2lros2/chapt2/chapt2_ws/build/example_cpp -- -j8 -l8
[0.446s] INFO:colcon.colcon_core.task.python.build:Building Python package in '/home/motong/ros_learn/d2lros2/chapt2/chapt2_ws/src/example_py'
[0.447s] INFO:colcon.colcon_core.shell:Skip shell extension 'powershell' for command environment: Not usable outside of PowerShell
[0.447s] DEBUG:colcon.colcon_core.shell:Skip shell extension 'dsv' for command environment
[0.703s] DEBUG:colcon.colcon_core.task.python.build:Available setuptools commands: bdist_wheel, build_ext, sdist, easy_install, bdist_egg, build, register, setopt, dist_info, egg_info, install_scripts, install, develop, build_clib, bdist_dumb, check, symlink_data, alias, install_egg_info, clean, test, install_data, build_scripts, bdist_rpm, build_py, upload, install_headers, upload_docs, rotate, install_lib, saveopts, bdist
[0.706s] DEBUG:colcon.colcon_core.event_handler.log_command:Invoking command in '/home/motong/ros_learn/d2lros2/chapt2/chapt2_ws/src/example_py': PYTHONPATH=/home/motong/ros_learn/d2lros2/chapt2/chapt2_ws/build/example_py/prefix_override:/usr/lib/python3/dist-packages/colcon_core/task/python/colcon_distutils_commands:/home/motong/ros_learn/d2lros2/chapt2/chapt2_ws/install/example_py/lib/python3.10/site-packages:${PYTHONPATH} /usr/bin/python3 -W ignore:setup.py install is deprecated -W ignore:easy_install command is deprecated setup.py egg_info --egg-base ../../build/example_py build --build-base /home/motong/ros_learn/d2lros2/chapt2/chapt2_ws/build/example_py/build install --record /home/motong/ros_learn/d2lros2/chapt2/chapt2_ws/build/example_py/install.log --install-scripts $base/lib/example_py --single-version-externally-managed install_data
[0.914s] DEBUG:colcon.colcon_core.event_handler.log_command:Invoked command in '/home/motong/ros_learn/d2lros2/chapt2/chapt2_ws/src/example_py' returned '0': PYTHONPATH=/home/motong/ros_learn/d2lros2/chapt2/chapt2_ws/build/example_py/prefix_override:/usr/lib/python3/dist-packages/colcon_core/task/python/colcon_distutils_commands:/home/motong/ros_learn/d2lros2/chapt2/chapt2_ws/install/example_py/lib/python3.10/site-packages:${PYTHONPATH} /usr/bin/python3 -W ignore:setup.py install is deprecated -W ignore:easy_install command is deprecated setup.py egg_info --egg-base ../../build/example_py build --build-base /home/motong/ros_learn/d2lros2/chapt2/chapt2_ws/build/example_py/build install --record /home/motong/ros_learn/d2lros2/chapt2/chapt2_ws/build/example_py/install.log --install-scripts $base/lib/example_py --single-version-externally-managed install_data
[0.916s] Level 1:colcon.colcon_core.environment:checking '/home/motong/ros_learn/d2lros2/chapt2/chapt2_ws/install/example_py' for CMake module files
[0.917s] Level 1:colcon.colcon_core.environment:checking '/home/motong/ros_learn/d2lros2/chapt2/chapt2_ws/install/example_py' for CMake config files
[0.917s] Level 1:colcon.colcon_core.environment:checking '/home/motong/ros_learn/d2lros2/chapt2/chapt2_ws/install/example_py/lib'
[0.917s] Level 1:colcon.colcon_core.environment:checking '/home/motong/ros_learn/d2lros2/chapt2/chapt2_ws/install/example_py/bin'
[0.917s] Level 1:colcon.colcon_core.environment:checking '/home/motong/ros_learn/d2lros2/chapt2/chapt2_ws/install/example_py/lib/pkgconfig/example_py.pc'
[0.918s] Level 1:colcon.colcon_core.environment:checking '/home/motong/ros_learn/d2lros2/chapt2/chapt2_ws/install/example_py/lib/python3.10/site-packages'
[0.918s] Level 1:colcon.colcon_core.shell:create_environment_hook('example_py', 'pythonpath')
[0.918s] INFO:colcon.colcon_core.shell:Creating environment hook '/home/motong/ros_learn/d2lros2/chapt2/chapt2_ws/install/example_py/share/example_py/hook/pythonpath.ps1'
[0.918s] INFO:colcon.colcon_core.shell:Creating environment descriptor '/home/motong/ros_learn/d2lros2/chapt2/chapt2_ws/install/example_py/share/example_py/hook/pythonpath.dsv'
[0.919s] INFO:colcon.colcon_core.shell:Creating environment hook '/home/motong/ros_learn/d2lros2/chapt2/chapt2_ws/install/example_py/share/example_py/hook/pythonpath.sh'
[0.919s] Level 1:colcon.colcon_core.environment:checking '/home/motong/ros_learn/d2lros2/chapt2/chapt2_ws/install/example_py/bin'
[0.920s] Level 1:colcon.colcon_core.environment:create_environment_scripts_only(example_py)
[0.920s] INFO:colcon.colcon_core.shell:Creating package script '/home/motong/ros_learn/d2lros2/chapt2/chapt2_ws/install/example_py/share/example_py/package.ps1'
[0.921s] INFO:colcon.colcon_core.shell:Creating package descriptor '/home/motong/ros_learn/d2lros2/chapt2/chapt2_ws/install/example_py/share/example_py/package.dsv'
[0.921s] INFO:colcon.colcon_core.shell:Creating package script '/home/motong/ros_learn/d2lros2/chapt2/chapt2_ws/install/example_py/share/example_py/package.sh'
[0.922s] INFO:colcon.colcon_core.shell:Creating package script '/home/motong/ros_learn/d2lros2/chapt2/chapt2_ws/install/example_py/share/example_py/package.bash'
[0.922s] INFO:colcon.colcon_core.shell:Creating package script '/home/motong/ros_learn/d2lros2/chapt2/chapt2_ws/install/example_py/share/example_py/package.zsh'
[0.923s] Level 1:colcon.colcon_core.environment:create_file_with_runtime_dependencies(/home/motong/ros_learn/d2lros2/chapt2/chapt2_ws/install/example_py/share/colcon-core/packages/example_py)
[3.017s] DEBUG:colcon.colcon_core.event_handler.log_command:Invoked command in '/home/motong/ros_learn/d2lros2/chapt2/chapt2_ws/build/example_cpp' returned '2': CMAKE_PREFIX_PATH=${CMAKE_PREFIX_PATH}:/home/motong/ros_learn/d2lros2/chapt2/chapt2_ws/install/example_py:/home/motong/ros_learn/d2lros2/chapt2/colcon_test_ws/install/launch_testing_examples:/home/motong/ros_learn/d2lros2/chapt2/colcon_test_ws/install/examples_rclpy_pointcloud_publisher:/home/motong/ros_learn/d2lros2/chapt2/colcon_test_ws/install/examples_rclpy_minimal_subscriber:/home/motong/ros_learn/d2lros2/chapt2/colcon_test_ws/install/examples_rclpy_minimal_service:/home/motong/ros_learn/d2lros2/chapt2/colcon_test_ws/install/examples_rclpy_minimal_publisher:/home/motong/ros_learn/d2lros2/chapt2/colcon_test_ws/install/examples_rclpy_minimal_client:/home/motong/ros_learn/d2lros2/chapt2/colcon_test_ws/install/examples_rclpy_minimal_action_server:/home/motong/ros_learn/d2lros2/chapt2/colcon_test_ws/install/examples_rclpy_minimal_action_client:/home/motong/ros_learn/d2lros2/chapt2/colcon_test_ws/install/examples_rclpy_guard_conditions:/home/motong/ros_learn/d2lros2/chapt2/colcon_test_ws/install/examples_rclpy_executors:/opt/ros/humble /usr/bin/cmake --build /home/motong/ros_learn/d2lros2/chapt2/chapt2_ws/build/example_cpp -- -j8 -l8
[3.018s] Level 1:colcon.colcon_core.environment:create_environment_scripts_only(example_cpp)
[3.018s] Level 1:colcon.colcon_core.environment:checking '/home/motong/ros_learn/d2lros2/chapt2/chapt2_ws/install/example_cpp' for CMake module files
[3.018s] Level 1:colcon.colcon_core.environment:checking '/home/motong/ros_learn/d2lros2/chapt2/chapt2_ws/install/example_cpp' for CMake config files
[3.019s] Level 1:colcon.colcon_core.shell:create_environment_hook('example_cpp', 'cmake_prefix_path')
[3.019s] INFO:colcon.colcon_core.shell:Creating environment hook '/home/motong/ros_learn/d2lros2/chapt2/chapt2_ws/install/example_cpp/share/example_cpp/hook/cmake_prefix_path.ps1'
[3.020s] INFO:colcon.colcon_core.shell:Creating environment descriptor '/home/motong/ros_learn/d2lros2/chapt2/chapt2_ws/install/example_cpp/share/example_cpp/hook/cmake_prefix_path.dsv'
[3.020s] INFO:colcon.colcon_core.shell:Creating environment hook '/home/motong/ros_learn/d2lros2/chapt2/chapt2_ws/install/example_cpp/share/example_cpp/hook/cmake_prefix_path.sh'
[3.021s] Level 1:colcon.colcon_core.environment:checking '/home/motong/ros_learn/d2lros2/chapt2/chapt2_ws/install/example_cpp/lib'
[3.021s] Level 1:colcon.colcon_core.environment:checking '/home/motong/ros_learn/d2lros2/chapt2/chapt2_ws/install/example_cpp/bin'
[3.021s] Level 1:colcon.colcon_core.environment:checking '/home/motong/ros_learn/d2lros2/chapt2/chapt2_ws/install/example_cpp/lib/pkgconfig/example_cpp.pc'
[3.021s] Level 1:colcon.colcon_core.environment:checking '/home/motong/ros_learn/d2lros2/chapt2/chapt2_ws/install/example_cpp/lib/python3.10/site-packages'
[3.021s] Level 1:colcon.colcon_core.environment:checking '/home/motong/ros_learn/d2lros2/chapt2/chapt2_ws/install/example_cpp/bin'
[3.021s] INFO:colcon.colcon_core.shell:Creating package script '/home/motong/ros_learn/d2lros2/chapt2/chapt2_ws/install/example_cpp/share/example_cpp/package.ps1'
[3.022s] INFO:colcon.colcon_core.shell:Creating package descriptor '/home/motong/ros_learn/d2lros2/chapt2/chapt2_ws/install/example_cpp/share/example_cpp/package.dsv'
[3.022s] INFO:colcon.colcon_core.shell:Creating package script '/home/motong/ros_learn/d2lros2/chapt2/chapt2_ws/install/example_cpp/share/example_cpp/package.sh'
[3.023s] INFO:colcon.colcon_core.shell:Creating package script '/home/motong/ros_learn/d2lros2/chapt2/chapt2_ws/install/example_cpp/share/example_cpp/package.bash'
[3.023s] INFO:colcon.colcon_core.shell:Creating package script '/home/motong/ros_learn/d2lros2/chapt2/chapt2_ws/install/example_cpp/share/example_cpp/package.zsh'
[3.024s] Level 1:colcon.colcon_core.environment:create_file_with_runtime_dependencies(/home/motong/ros_learn/d2lros2/chapt2/chapt2_ws/install/example_cpp/share/colcon-core/packages/example_cpp)
[3.034s] DEBUG:colcon.colcon_parallel_executor.executor.parallel:closing loop
[3.034s] DEBUG:colcon.colcon_parallel_executor.executor.parallel:loop closed
[3.035s] DEBUG:colcon.colcon_parallel_executor.executor.parallel:run_until_complete finished with '2'
[3.035s] DEBUG:colcon.colcon_core.event_reactor:joining thread
[3.040s] INFO:colcon.colcon_core.plugin_system:Skipping extension 'colcon_notification.desktop_notification.terminal_notifier': Not used on non-Darwin systems
[3.040s] INFO:colcon.colcon_core.plugin_system:Skipping extension 'colcon_notification.desktop_notification.win32': Not used on non-Windows systems
[3.040s] INFO:colcon.colcon_notification.desktop_notification:Sending desktop notification using 'notify2'
[3.051s] DEBUG:colcon.colcon_core.event_reactor:joined thread
[3.051s] INFO:colcon.colcon_core.shell:Creating prefix script '/home/motong/ros_learn/d2lros2/chapt2/chapt2_ws/install/local_setup.ps1'
[3.052s] INFO:colcon.colcon_core.shell:Creating prefix util module '/home/motong/ros_learn/d2lros2/chapt2/chapt2_ws/install/_local_setup_util_ps1.py'
[3.053s] INFO:colcon.colcon_core.shell:Creating prefix chain script '/home/motong/ros_learn/d2lros2/chapt2/chapt2_ws/install/setup.ps1'
[3.055s] INFO:colcon.colcon_core.shell:Creating prefix script '/home/motong/ros_learn/d2lros2/chapt2/chapt2_ws/install/local_setup.sh'
[3.055s] INFO:colcon.colcon_core.shell:Creating prefix util module '/home/motong/ros_learn/d2lros2/chapt2/chapt2_ws/install/_local_setup_util_sh.py'
[3.056s] INFO:colcon.colcon_core.shell:Creating prefix chain script '/home/motong/ros_learn/d2lros2/chapt2/chapt2_ws/install/setup.sh'
[3.057s] INFO:colcon.colcon_core.shell:Creating prefix script '/home/motong/ros_learn/d2lros2/chapt2/chapt2_ws/install/local_setup.bash'
[3.058s] INFO:colcon.colcon_core.shell:Creating prefix chain script '/home/motong/ros_learn/d2lros2/chapt2/chapt2_ws/install/setup.bash'
[3.059s] INFO:colcon.colcon_core.shell:Creating prefix script '/home/motong/ros_learn/d2lros2/chapt2/chapt2_ws/install/local_setup.zsh'
[3.060s] INFO:colcon.colcon_core.shell:Creating prefix chain script '/home/motong/ros_learn/d2lros2/chapt2/chapt2_ws/install/setup.zsh'
