[0.013s] Invoking command in '/home/motong/ros_learn/d2lros2/chapt3/chapt3_ws/build/example_topic_rclcpp': CMAKE_PREFIX_PATH=${CMAKE_PREFIX_PATH}:/opt/ros/humble /usr/bin/cmake --build /home/motong/ros_learn/d2lros2/chapt3/chapt3_ws/build/example_topic_rclcpp -- -j8 -l8
[0.060s] [35m[1mConsolidate compiler generated dependencies of target topic_subscriber_01[0m
[0.075s] [ 50%] Built target topic_publisher_01
[0.079s] [ 75%] [32mBuilding CXX object CMakeFiles/topic_subscriber_01.dir/src/topic_subscriber_01.cpp.o[0m
[2.263s] [100%] [32m[1mLinking CXX executable topic_subscriber_01[0m
[2.362s] [100%] Built target topic_subscriber_01
[2.375s] Invoked command in '/home/motong/ros_learn/d2lros2/chapt3/chapt3_ws/build/example_topic_rclcpp' returned '0': CMAKE_PREFIX_PATH=${CMAKE_PREFIX_PATH}:/opt/ros/humble /usr/bin/cmake --build /home/motong/ros_learn/d2lros2/chapt3/chapt3_ws/build/example_topic_rclcpp -- -j8 -l8
[2.388s] Invoking command in '/home/motong/ros_learn/d2lros2/chapt3/chapt3_ws/build/example_topic_rclcpp': CMAKE_PREFIX_PATH=${CMAKE_PREFIX_PATH}:/opt/ros/humble /usr/bin/cmake --install /home/motong/ros_learn/d2lros2/chapt3/chapt3_ws/build/example_topic_rclcpp
[2.395s] -- Install configuration: ""
[2.395s] -- Installing: /home/motong/ros_learn/d2lros2/chapt3/chapt3_ws/install/example_topic_rclcpp/lib/example_topic_rclcpp/topic_publisher_01
[2.397s] -- Set runtime path of "/home/motong/ros_learn/d2lros2/chapt3/chapt3_ws/install/example_topic_rclcpp/lib/example_topic_rclcpp/topic_publisher_01" to ""
[2.397s] -- Installing: /home/motong/ros_learn/d2lros2/chapt3/chapt3_ws/install/example_topic_rclcpp/lib/example_topic_rclcpp/topic_subscriber_01
[2.398s] -- Set runtime path of "/home/motong/ros_learn/d2lros2/chapt3/chapt3_ws/install/example_topic_rclcpp/lib/example_topic_rclcpp/topic_subscriber_01" to ""
[2.398s] -- Up-to-date: /home/motong/ros_learn/d2lros2/chapt3/chapt3_ws/install/example_topic_rclcpp/share/ament_index/resource_index/package_run_dependencies/example_topic_rclcpp
[2.398s] -- Up-to-date: /home/motong/ros_learn/d2lros2/chapt3/chapt3_ws/install/example_topic_rclcpp/share/ament_index/resource_index/parent_prefix_path/example_topic_rclcpp
[2.398s] -- Up-to-date: /home/motong/ros_learn/d2lros2/chapt3/chapt3_ws/install/example_topic_rclcpp/share/example_topic_rclcpp/environment/ament_prefix_path.sh
[2.398s] -- Installing: /home/motong/ros_learn/d2lros2/chapt3/chapt3_ws/install/example_topic_rclcpp/share/example_topic_rclcpp/environment/ament_prefix_path.dsv
[2.398s] -- Up-to-date: /home/motong/ros_learn/d2lros2/chapt3/chapt3_ws/install/example_topic_rclcpp/share/example_topic_rclcpp/environment/path.sh
[2.398s] -- Installing: /home/motong/ros_learn/d2lros2/chapt3/chapt3_ws/install/example_topic_rclcpp/share/example_topic_rclcpp/environment/path.dsv
[2.398s] -- Up-to-date: /home/motong/ros_learn/d2lros2/chapt3/chapt3_ws/install/example_topic_rclcpp/share/example_topic_rclcpp/local_setup.bash
[2.398s] -- Up-to-date: /home/motong/ros_learn/d2lros2/chapt3/chapt3_ws/install/example_topic_rclcpp/share/example_topic_rclcpp/local_setup.sh
[2.399s] -- Up-to-date: /home/motong/ros_learn/d2lros2/chapt3/chapt3_ws/install/example_topic_rclcpp/share/example_topic_rclcpp/local_setup.zsh
[2.399s] -- Installing: /home/motong/ros_learn/d2lros2/chapt3/chapt3_ws/install/example_topic_rclcpp/share/example_topic_rclcpp/local_setup.dsv
[2.399s] -- Installing: /home/motong/ros_learn/d2lros2/chapt3/chapt3_ws/install/example_topic_rclcpp/share/example_topic_rclcpp/package.dsv
[2.399s] -- Up-to-date: /home/motong/ros_learn/d2lros2/chapt3/chapt3_ws/install/example_topic_rclcpp/share/ament_index/resource_index/packages/example_topic_rclcpp
[2.399s] -- Up-to-date: /home/motong/ros_learn/d2lros2/chapt3/chapt3_ws/install/example_topic_rclcpp/share/example_topic_rclcpp/cmake/example_topic_rclcppConfig.cmake
[2.399s] -- Up-to-date: /home/motong/ros_learn/d2lros2/chapt3/chapt3_ws/install/example_topic_rclcpp/share/example_topic_rclcpp/cmake/example_topic_rclcppConfig-version.cmake
[2.399s] -- Up-to-date: /home/motong/ros_learn/d2lros2/chapt3/chapt3_ws/install/example_topic_rclcpp/share/example_topic_rclcpp/package.xml
[2.402s] Invoked command in '/home/motong/ros_learn/d2lros2/chapt3/chapt3_ws/build/example_topic_rclcpp' returned '0': CMAKE_PREFIX_PATH=${CMAKE_PREFIX_PATH}:/opt/ros/humble /usr/bin/cmake --install /home/motong/ros_learn/d2lros2/chapt3/chapt3_ws/build/example_topic_rclcpp
