[0.012s] Invoking command in '/home/motong/ros_learn/d2lros2/chapt3/chapt3_ws/build/example_topic_rclcpp': CMAKE_PREFIX_PATH=${CMAKE_PREFIX_PATH}:/opt/ros/humble /usr/bin/cmake --build /home/motong/ros_learn/d2lros2/chapt3/chapt3_ws/build/example_topic_rclcpp -- -j8 -l8
[0.056s] [35m[1mConsolidate compiler generated dependencies of target topic_publisher_01[0m
[0.076s] [ 50%] [32mBuilding CXX object CMakeFiles/topic_publisher_01.dir/src/topic_publisher_01.cpp.o[0m
[3.159s] [100%] [32m[1mLinking CXX executable topic_publisher_01[0m
[3.339s] [100%] Built target topic_publisher_01
[3.351s] Invoked command in '/home/motong/ros_learn/d2lros2/chapt3/chapt3_ws/build/example_topic_rclcpp' returned '0': CMAKE_PREFIX_PATH=${CMAKE_PREFIX_PATH}:/opt/ros/humble /usr/bin/cmake --build /home/motong/ros_learn/d2lros2/chapt3/chapt3_ws/build/example_topic_rclcpp -- -j8 -l8
[3.363s] Invoking command in '/home/motong/ros_learn/d2lros2/chapt3/chapt3_ws/build/example_topic_rclcpp': CMAKE_PREFIX_PATH=${CMAKE_PREFIX_PATH}:/opt/ros/humble /usr/bin/cmake --install /home/motong/ros_learn/d2lros2/chapt3/chapt3_ws/build/example_topic_rclcpp
[3.371s] -- Install configuration: ""
[3.371s] -- Installing: /home/motong/ros_learn/d2lros2/chapt3/chapt3_ws/install/example_topic_rclcpp/lib/example_topic_rclcpp/topic_publisher_01
[3.373s] -- Set runtime path of "/home/motong/ros_learn/d2lros2/chapt3/chapt3_ws/install/example_topic_rclcpp/lib/example_topic_rclcpp/topic_publisher_01" to ""
[3.373s] -- Installing: /home/motong/ros_learn/d2lros2/chapt3/chapt3_ws/install/example_topic_rclcpp/share/ament_index/resource_index/package_run_dependencies/example_topic_rclcpp
[3.373s] -- Installing: /home/motong/ros_learn/d2lros2/chapt3/chapt3_ws/install/example_topic_rclcpp/share/ament_index/resource_index/parent_prefix_path/example_topic_rclcpp
[3.373s] -- Up-to-date: /home/motong/ros_learn/d2lros2/chapt3/chapt3_ws/install/example_topic_rclcpp/share/example_topic_rclcpp/environment/ament_prefix_path.sh
[3.374s] -- Installing: /home/motong/ros_learn/d2lros2/chapt3/chapt3_ws/install/example_topic_rclcpp/share/example_topic_rclcpp/environment/ament_prefix_path.dsv
[3.374s] -- Up-to-date: /home/motong/ros_learn/d2lros2/chapt3/chapt3_ws/install/example_topic_rclcpp/share/example_topic_rclcpp/environment/path.sh
[3.374s] -- Installing: /home/motong/ros_learn/d2lros2/chapt3/chapt3_ws/install/example_topic_rclcpp/share/example_topic_rclcpp/environment/path.dsv
[3.374s] -- Up-to-date: /home/motong/ros_learn/d2lros2/chapt3/chapt3_ws/install/example_topic_rclcpp/share/example_topic_rclcpp/local_setup.bash
[3.374s] -- Up-to-date: /home/motong/ros_learn/d2lros2/chapt3/chapt3_ws/install/example_topic_rclcpp/share/example_topic_rclcpp/local_setup.sh
[3.374s] -- Up-to-date: /home/motong/ros_learn/d2lros2/chapt3/chapt3_ws/install/example_topic_rclcpp/share/example_topic_rclcpp/local_setup.zsh
[3.374s] -- Installing: /home/motong/ros_learn/d2lros2/chapt3/chapt3_ws/install/example_topic_rclcpp/share/example_topic_rclcpp/local_setup.dsv
[3.374s] -- Installing: /home/motong/ros_learn/d2lros2/chapt3/chapt3_ws/install/example_topic_rclcpp/share/example_topic_rclcpp/package.dsv
[3.375s] -- Up-to-date: /home/motong/ros_learn/d2lros2/chapt3/chapt3_ws/install/example_topic_rclcpp/share/ament_index/resource_index/packages/example_topic_rclcpp
[3.375s] -- Up-to-date: /home/motong/ros_learn/d2lros2/chapt3/chapt3_ws/install/example_topic_rclcpp/share/example_topic_rclcpp/cmake/example_topic_rclcppConfig.cmake
[3.375s] -- Up-to-date: /home/motong/ros_learn/d2lros2/chapt3/chapt3_ws/install/example_topic_rclcpp/share/example_topic_rclcpp/cmake/example_topic_rclcppConfig-version.cmake
[3.375s] -- Installing: /home/motong/ros_learn/d2lros2/chapt3/chapt3_ws/install/example_topic_rclcpp/share/example_topic_rclcpp/package.xml
[3.377s] Invoked command in '/home/motong/ros_learn/d2lros2/chapt3/chapt3_ws/build/example_topic_rclcpp' returned '0': CMAKE_PREFIX_PATH=${CMAKE_PREFIX_PATH}:/opt/ros/humble /usr/bin/cmake --install /home/motong/ros_learn/d2lros2/chapt3/chapt3_ws/build/example_topic_rclcpp
