[0.013s] Invoking command in '/home/motong/ros_learn/d2lros2/chapt3/chapt3_ws/build/example_topic_rclcpp': CMAKE_PREFIX_PATH=${CMAKE_PREFIX_PATH}:/opt/ros/humble /usr/bin/cmake --build /home/motong/ros_learn/d2lros2/chapt3/chapt3_ws/build/example_topic_rclcpp -- -j8 -l8
[0.038s] -- Found ament_cmake: 1.3.14 (/opt/ros/humble/share/ament_cmake/cmake)
[0.131s] -- Found rclcpp: 16.0.21 (/opt/ros/humble/share/rclcpp/cmake)
[0.153s] -- Found rosidl_generator_c: 3.1.9 (/opt/ros/humble/share/rosidl_generator_c/cmake)
[0.155s] -- Found rosidl_adapter: 3.1.9 (/opt/ros/humble/share/rosidl_adapter/cmake)
[0.159s] -- Found rosidl_generator_cpp: 3.1.9 (/opt/ros/humble/share/rosidl_generator_cpp/cmake)
[0.165s] -- Using all available rosidl_typesupport_c: rosidl_typesupport_fastrtps_c;rosidl_typesupport_introspection_c
[0.174s] -- Using all available rosidl_typesupport_cpp: rosidl_typesupport_fastrtps_cpp;rosidl_typesupport_introspection_cpp
[0.195s] -- Found rmw_implementation_cmake: 6.1.4 (/opt/ros/humble/share/rmw_implementation_cmake/cmake)
[0.196s] -- Found rmw_fastrtps_cpp: 6.2.10 (/opt/ros/humble/share/rmw_fastrtps_cpp/cmake)
[0.279s] -- Using RMW implementation 'rmw_fastrtps_cpp' as default
[0.315s] -- Found ament_lint_auto: 0.12.15 (/opt/ros/humble/share/ament_lint_auto/cmake)
[0.369s] -- Added test 'cppcheck' to perform static code analysis on C / C++ code
[0.369s] -- Configured cppcheck include dirs: 
[0.369s] -- Configured cppcheck exclude dirs and/or files: 
[0.370s] -- Added test 'lint_cmake' to check CMake code style
[0.370s] -- Added test 'uncrustify' to check C / C++ code style
[0.371s] -- Configured uncrustify additional arguments: 
[0.371s] -- Added test 'xmllint' to check XML markup files
[0.371s] -- Configuring done
[0.387s] -- Generating done
[0.393s] -- Build files have been written to: /home/motong/ros_learn/d2lros2/chapt3/chapt3_ws/build/example_topic_rclcpp
[0.425s] [35m[1mConsolidate compiler generated dependencies of target topic_publisher_01[0m
[0.439s] [ 25%] [32mBuilding CXX object CMakeFiles/topic_subscriber_01.dir/src/topic_subscriber_01.cpp.o[0m
[0.447s] [ 50%] [32mBuilding CXX object CMakeFiles/topic_publisher_01.dir/src/topic_publisher_01.cpp.o[0m
[0.449s] [01m[K/home/motong/ros_learn/d2lros2/chapt3/chapt3_ws/src/example_topic_rclcpp/src/topic_subscriber_01.cpp:1:10:[m[K [01;31m[Kfatal error: [m[Krclcpp/eclcpp.hpp: 没有那个文件或目录
[0.449s]     1 | #include [01;31m[K"rclcpp/eclcpp.hpp"[m[K
[0.449s]       |          [01;31m[K^~~~~~~~~~~~~~~~~~~[m[K
[0.449s] compilation terminated.
[0.450s] gmake[2]: *** [CMakeFiles/topic_subscriber_01.dir/build.make:76：CMakeFiles/topic_subscriber_01.dir/src/topic_subscriber_01.cpp.o] 错误 1
[0.450s] gmake[1]: *** [CMakeFiles/Makefile2:165：CMakeFiles/topic_subscriber_01.dir/all] 错误 2
[0.450s] gmake[1]: *** 正在等待未完成的任务....
[3.584s] [ 75%] [32m[1mLinking CXX executable topic_publisher_01[0m
[3.732s] [ 75%] Built target topic_publisher_01
[3.733s] gmake: *** [Makefile:146：all] 错误 2
[3.736s] Invoked command in '/home/motong/ros_learn/d2lros2/chapt3/chapt3_ws/build/example_topic_rclcpp' returned '2': CMAKE_PREFIX_PATH=${CMAKE_PREFIX_PATH}:/opt/ros/humble /usr/bin/cmake --build /home/motong/ros_learn/d2lros2/chapt3/chapt3_ws/build/example_topic_rclcpp -- -j8 -l8
