[0.074s] DEBUG:colcon:Command line arguments: ['/usr/bin/colcon', 'build']
[0.074s] DEBUG:colcon:Parsed command line arguments: Namespace(log_base=None, log_level=None, verb_name='build', build_base='build', install_base='install', merge_install=False, symlink_install=False, test_result_base=None, continue_on_error=False, executor='parallel', parallel_workers=8, event_handlers=None, ignore_user_meta=False, metas=['./colcon.meta'], base_paths=['.'], packages_ignore=None, packages_ignore_regex=None, paths=None, packages_up_to=None, packages_up_to_regex=None, packages_above=None, packages_above_and_dependencies=None, packages_above_depth=None, packages_select_by_dep=None, packages_skip_by_dep=None, packages_skip_up_to=None, packages_select_build_failed=False, packages_skip_build_finished=False, packages_select_test_failures=False, packages_skip_test_passed=False, packages_select=None, packages_skip=None, packages_select_regex=None, packages_skip_regex=None, packages_start=None, packages_end=None, allow_overriding=[], cmake_args=None, cmake_target=None, cmake_target_skip_unavailable=False, cmake_clean_cache=False, cmake_clean_first=False, cmake_force_configure=False, ament_cmake_args=None, catkin_cmake_args=None, catkin_skip_building_tests=False, verb_parser=<colcon_defaults.argument_parser.defaults.DefaultArgumentsDecorator object at 0x701a74705a80>, verb_extension=<colcon_core.verb.build.BuildVerb object at 0x701a74857190>, main=<bound method BuildVerb.main of <colcon_core.verb.build.BuildVerb object at 0x701a74857190>>)
[0.177s] Level 1:colcon.colcon_core.package_discovery:discover_packages(colcon_meta) check parameters
[0.177s] Level 1:colcon.colcon_core.package_discovery:discover_packages(recursive) check parameters
[0.177s] Level 1:colcon.colcon_core.package_discovery:discover_packages(ignore) check parameters
[0.177s] Level 1:colcon.colcon_core.package_discovery:discover_packages(path) check parameters
[0.177s] Level 1:colcon.colcon_core.package_discovery:discover_packages(colcon_meta) discover
[0.177s] Level 1:colcon.colcon_core.package_discovery:discover_packages(recursive) discover
[0.177s] INFO:colcon.colcon_core.package_discovery:Crawling recursively for packages in '/home/motong/ros_learn/d2lros2/chapt2/chapt2_ws'
[0.177s] Level 1:colcon.colcon_core.package_identification:_identify(.) by extensions ['ignore', 'ignore_ament_install']
[0.177s] Level 1:colcon.colcon_core.package_identification:_identify(.) by extension 'ignore'
[0.177s] Level 1:colcon.colcon_core.package_identification:_identify(.) by extension 'ignore_ament_install'
[0.177s] Level 1:colcon.colcon_core.package_identification:_identify(.) by extensions ['colcon_pkg']
[0.177s] Level 1:colcon.colcon_core.package_identification:_identify(.) by extension 'colcon_pkg'
[0.177s] Level 1:colcon.colcon_core.package_identification:_identify(.) by extensions ['colcon_meta']
[0.177s] Level 1:colcon.colcon_core.package_identification:_identify(.) by extension 'colcon_meta'
[0.177s] Level 1:colcon.colcon_core.package_identification:_identify(.) by extensions ['ros']
[0.177s] Level 1:colcon.colcon_core.package_identification:_identify(.) by extension 'ros'
[0.185s] Level 1:colcon.colcon_core.package_identification:_identify(.) by extensions ['cmake', 'python']
[0.185s] Level 1:colcon.colcon_core.package_identification:_identify(.) by extension 'cmake'
[0.186s] Level 1:colcon.colcon_core.package_identification:_identify(.) by extension 'python'
[0.186s] Level 1:colcon.colcon_core.package_identification:_identify(.) by extensions ['python_setup_py']
[0.186s] Level 1:colcon.colcon_core.package_identification:_identify(.) by extension 'python_setup_py'
[0.186s] Level 1:colcon.colcon_core.package_identification:_identify(build) by extensions ['ignore', 'ignore_ament_install']
[0.186s] Level 1:colcon.colcon_core.package_identification:_identify(build) by extension 'ignore'
[0.186s] Level 1:colcon.colcon_core.package_identification:_identify(build) ignored
[0.186s] Level 1:colcon.colcon_core.package_identification:_identify(install) by extensions ['ignore', 'ignore_ament_install']
[0.186s] Level 1:colcon.colcon_core.package_identification:_identify(install) by extension 'ignore'
[0.186s] Level 1:colcon.colcon_core.package_identification:_identify(install) ignored
[0.186s] Level 1:colcon.colcon_core.package_identification:_identify(log) by extensions ['ignore', 'ignore_ament_install']
[0.186s] Level 1:colcon.colcon_core.package_identification:_identify(log) by extension 'ignore'
[0.186s] Level 1:colcon.colcon_core.package_identification:_identify(log) ignored
[0.186s] Level 1:colcon.colcon_core.package_identification:_identify(src) by extensions ['ignore', 'ignore_ament_install']
[0.186s] Level 1:colcon.colcon_core.package_identification:_identify(src) by extension 'ignore'
[0.186s] Level 1:colcon.colcon_core.package_identification:_identify(src) by extension 'ignore_ament_install'
[0.186s] Level 1:colcon.colcon_core.package_identification:_identify(src) by extensions ['colcon_pkg']
[0.186s] Level 1:colcon.colcon_core.package_identification:_identify(src) by extension 'colcon_pkg'
[0.186s] Level 1:colcon.colcon_core.package_identification:_identify(src) by extensions ['colcon_meta']
[0.186s] Level 1:colcon.colcon_core.package_identification:_identify(src) by extension 'colcon_meta'
[0.186s] Level 1:colcon.colcon_core.package_identification:_identify(src) by extensions ['ros']
[0.186s] Level 1:colcon.colcon_core.package_identification:_identify(src) by extension 'ros'
[0.186s] Level 1:colcon.colcon_core.package_identification:_identify(src) by extensions ['cmake', 'python']
[0.186s] Level 1:colcon.colcon_core.package_identification:_identify(src) by extension 'cmake'
[0.186s] Level 1:colcon.colcon_core.package_identification:_identify(src) by extension 'python'
[0.186s] Level 1:colcon.colcon_core.package_identification:_identify(src) by extensions ['python_setup_py']
[0.186s] Level 1:colcon.colcon_core.package_identification:_identify(src) by extension 'python_setup_py'
[0.186s] Level 1:colcon.colcon_core.package_identification:_identify(src/example_cpp) by extensions ['ignore', 'ignore_ament_install']
[0.186s] Level 1:colcon.colcon_core.package_identification:_identify(src/example_cpp) by extension 'ignore'
[0.187s] Level 1:colcon.colcon_core.package_identification:_identify(src/example_cpp) by extension 'ignore_ament_install'
[0.187s] Level 1:colcon.colcon_core.package_identification:_identify(src/example_cpp) by extensions ['colcon_pkg']
[0.187s] Level 1:colcon.colcon_core.package_identification:_identify(src/example_cpp) by extension 'colcon_pkg'
[0.187s] Level 1:colcon.colcon_core.package_identification:_identify(src/example_cpp) by extensions ['colcon_meta']
[0.187s] Level 1:colcon.colcon_core.package_identification:_identify(src/example_cpp) by extension 'colcon_meta'
[0.187s] Level 1:colcon.colcon_core.package_identification:_identify(src/example_cpp) by extensions ['ros']
[0.187s] Level 1:colcon.colcon_core.package_identification:_identify(src/example_cpp) by extension 'ros'
[0.188s] DEBUG:colcon.colcon_core.package_identification:Package 'src/example_cpp' with type 'ros.ament_cmake' and name 'example_cpp'
[0.188s] Level 1:colcon.colcon_core.package_identification:_identify(src/example_py) by extensions ['ignore', 'ignore_ament_install']
[0.189s] Level 1:colcon.colcon_core.package_identification:_identify(src/example_py) by extension 'ignore'
[0.189s] Level 1:colcon.colcon_core.package_identification:_identify(src/example_py) by extension 'ignore_ament_install'
[0.189s] Level 1:colcon.colcon_core.package_identification:_identify(src/example_py) by extensions ['colcon_pkg']
[0.189s] Level 1:colcon.colcon_core.package_identification:_identify(src/example_py) by extension 'colcon_pkg'
[0.189s] Level 1:colcon.colcon_core.package_identification:_identify(src/example_py) by extensions ['colcon_meta']
[0.189s] Level 1:colcon.colcon_core.package_identification:_identify(src/example_py) by extension 'colcon_meta'
[0.189s] Level 1:colcon.colcon_core.package_identification:_identify(src/example_py) by extensions ['ros']
[0.189s] Level 1:colcon.colcon_core.package_identification:_identify(src/example_py) by extension 'ros'
[0.189s] DEBUG:colcon.colcon_core.package_identification:Package 'src/example_py' with type 'ros.ament_python' and name 'example_py'
[0.189s] Level 1:colcon.colcon_core.package_discovery:discover_packages(recursive) using defaults
[0.189s] Level 1:colcon.colcon_core.package_discovery:discover_packages(ignore) discover
[0.189s] Level 1:colcon.colcon_core.package_discovery:discover_packages(ignore) using defaults
[0.189s] Level 1:colcon.colcon_core.package_discovery:discover_packages(path) discover
[0.189s] Level 1:colcon.colcon_core.package_discovery:discover_packages(path) using defaults
[0.204s] Level 1:colcon.colcon_core.package_discovery:discover_packages(prefix_path) check parameters
[0.204s] Level 1:colcon.colcon_core.package_discovery:discover_packages(prefix_path) discover
[0.205s] DEBUG:colcon.colcon_installed_package_information.package_discovery:Found 2 installed packages in /home/motong/ros_learn/d2lros2/chapt2/chapt2_ws/install
[0.206s] DEBUG:colcon.colcon_installed_package_information.package_discovery:Found 22 installed packages in /home/motong/ros_learn/d2lros2/chapt2/colcon_test_ws/install
[0.207s] DEBUG:colcon.colcon_installed_package_information.package_discovery:Found 275 installed packages in /opt/ros/humble
[0.219s] Level 1:colcon.colcon_core.package_discovery:discover_packages(prefix_path) using defaults
[0.244s] Level 5:colcon.colcon_core.verb:set package 'example_cpp' build argument 'cmake_args' from command line to 'None'
[0.244s] Level 5:colcon.colcon_core.verb:set package 'example_cpp' build argument 'cmake_target' from command line to 'None'
[0.244s] Level 5:colcon.colcon_core.verb:set package 'example_cpp' build argument 'cmake_target_skip_unavailable' from command line to 'False'
[0.245s] Level 5:colcon.colcon_core.verb:set package 'example_cpp' build argument 'cmake_clean_cache' from command line to 'False'
[0.245s] Level 5:colcon.colcon_core.verb:set package 'example_cpp' build argument 'cmake_clean_first' from command line to 'False'
[0.245s] Level 5:colcon.colcon_core.verb:set package 'example_cpp' build argument 'cmake_force_configure' from command line to 'False'
[0.245s] Level 5:colcon.colcon_core.verb:set package 'example_cpp' build argument 'ament_cmake_args' from command line to 'None'
[0.245s] Level 5:colcon.colcon_core.verb:set package 'example_cpp' build argument 'catkin_cmake_args' from command line to 'None'
[0.245s] Level 5:colcon.colcon_core.verb:set package 'example_cpp' build argument 'catkin_skip_building_tests' from command line to 'False'
[0.245s] DEBUG:colcon.colcon_core.verb:Building package 'example_cpp' with the following arguments: {'ament_cmake_args': None, 'build_base': '/home/motong/ros_learn/d2lros2/chapt2/chapt2_ws/build/example_cpp', 'catkin_cmake_args': None, 'catkin_skip_building_tests': False, 'cmake_args': None, 'cmake_clean_cache': False, 'cmake_clean_first': False, 'cmake_force_configure': False, 'cmake_target': None, 'cmake_target_skip_unavailable': False, 'install_base': '/home/motong/ros_learn/d2lros2/chapt2/chapt2_ws/install/example_cpp', 'merge_install': False, 'path': '/home/motong/ros_learn/d2lros2/chapt2/chapt2_ws/src/example_cpp', 'symlink_install': False, 'test_result_base': None}
[0.245s] Level 5:colcon.colcon_core.verb:set package 'example_py' build argument 'cmake_args' from command line to 'None'
[0.245s] Level 5:colcon.colcon_core.verb:set package 'example_py' build argument 'cmake_target' from command line to 'None'
[0.245s] Level 5:colcon.colcon_core.verb:set package 'example_py' build argument 'cmake_target_skip_unavailable' from command line to 'False'
[0.245s] Level 5:colcon.colcon_core.verb:set package 'example_py' build argument 'cmake_clean_cache' from command line to 'False'
[0.245s] Level 5:colcon.colcon_core.verb:set package 'example_py' build argument 'cmake_clean_first' from command line to 'False'
[0.245s] Level 5:colcon.colcon_core.verb:set package 'example_py' build argument 'cmake_force_configure' from command line to 'False'
[0.245s] Level 5:colcon.colcon_core.verb:set package 'example_py' build argument 'ament_cmake_args' from command line to 'None'
[0.245s] Level 5:colcon.colcon_core.verb:set package 'example_py' build argument 'catkin_cmake_args' from command line to 'None'
[0.245s] Level 5:colcon.colcon_core.verb:set package 'example_py' build argument 'catkin_skip_building_tests' from command line to 'False'
[0.245s] DEBUG:colcon.colcon_core.verb:Building package 'example_py' with the following arguments: {'ament_cmake_args': None, 'build_base': '/home/motong/ros_learn/d2lros2/chapt2/chapt2_ws/build/example_py', 'catkin_cmake_args': None, 'catkin_skip_building_tests': False, 'cmake_args': None, 'cmake_clean_cache': False, 'cmake_clean_first': False, 'cmake_force_configure': False, 'cmake_target': None, 'cmake_target_skip_unavailable': False, 'install_base': '/home/motong/ros_learn/d2lros2/chapt2/chapt2_ws/install/example_py', 'merge_install': False, 'path': '/home/motong/ros_learn/d2lros2/chapt2/chapt2_ws/src/example_py', 'symlink_install': False, 'test_result_base': None}
[0.245s] INFO:colcon.colcon_core.executor:Executing jobs using 'parallel' executor
[0.246s] DEBUG:colcon.colcon_parallel_executor.executor.parallel:run_until_complete
[0.246s] INFO:colcon.colcon_ros.task.ament_cmake.build:Building ROS package in '/home/motong/ros_learn/d2lros2/chapt2/chapt2_ws/src/example_cpp' with build type 'ament_cmake'
[0.246s] INFO:colcon.colcon_cmake.task.cmake.build:Building CMake package in '/home/motong/ros_learn/d2lros2/chapt2/chapt2_ws/src/example_cpp'
[0.249s] INFO:colcon.colcon_core.plugin_system:Skipping extension 'colcon_core.shell.bat': Not used on non-Windows systems
[0.249s] INFO:colcon.colcon_core.shell:Skip shell extension 'powershell' for command environment: Not usable outside of PowerShell
[0.249s] DEBUG:colcon.colcon_core.shell:Skip shell extension 'dsv' for command environment
[0.254s] INFO:colcon.colcon_ros.task.ament_python.build:Building ROS package in '/home/motong/ros_learn/d2lros2/chapt2/chapt2_ws/src/example_py' with build type 'ament_python'
[0.254s] Level 1:colcon.colcon_core.shell:create_environment_hook('example_py', 'ament_prefix_path')
[0.254s] INFO:colcon.colcon_core.shell:Creating environment hook '/home/motong/ros_learn/d2lros2/chapt2/chapt2_ws/install/example_py/share/example_py/hook/ament_prefix_path.ps1'
[0.255s] INFO:colcon.colcon_core.shell:Creating environment descriptor '/home/motong/ros_learn/d2lros2/chapt2/chapt2_ws/install/example_py/share/example_py/hook/ament_prefix_path.dsv'
[0.256s] INFO:colcon.colcon_core.shell:Creating environment hook '/home/motong/ros_learn/d2lros2/chapt2/chapt2_ws/install/example_py/share/example_py/hook/ament_prefix_path.sh'
[0.256s] INFO:colcon.colcon_core.shell:Skip shell extension 'powershell' for command environment: Not usable outside of PowerShell
[0.256s] DEBUG:colcon.colcon_core.shell:Skip shell extension 'dsv' for command environment
[0.265s] DEBUG:colcon.colcon_core.event_handler.log_command:Invoking command in '/home/motong/ros_learn/d2lros2/chapt2/chapt2_ws/build/example_cpp': CMAKE_PREFIX_PATH=${CMAKE_PREFIX_PATH}:/home/motong/ros_learn/d2lros2/chapt2/chapt2_ws/install/example_py:/home/motong/ros_learn/d2lros2/chapt2/colcon_test_ws/install/launch_testing_examples:/home/motong/ros_learn/d2lros2/chapt2/colcon_test_ws/install/examples_rclpy_pointcloud_publisher:/home/motong/ros_learn/d2lros2/chapt2/colcon_test_ws/install/examples_rclpy_minimal_subscriber:/home/motong/ros_learn/d2lros2/chapt2/colcon_test_ws/install/examples_rclpy_minimal_service:/home/motong/ros_learn/d2lros2/chapt2/colcon_test_ws/install/examples_rclpy_minimal_publisher:/home/motong/ros_learn/d2lros2/chapt2/colcon_test_ws/install/examples_rclpy_minimal_client:/home/motong/ros_learn/d2lros2/chapt2/colcon_test_ws/install/examples_rclpy_minimal_action_server:/home/motong/ros_learn/d2lros2/chapt2/colcon_test_ws/install/examples_rclpy_minimal_action_client:/home/motong/ros_learn/d2lros2/chapt2/colcon_test_ws/install/examples_rclpy_guard_conditions:/home/motong/ros_learn/d2lros2/chapt2/colcon_test_ws/install/examples_rclpy_executors:/opt/ros/humble /usr/bin/cmake --build /home/motong/ros_learn/d2lros2/chapt2/chapt2_ws/build/example_cpp -- -j8 -l8
[0.442s] INFO:colcon.colcon_core.task.python.build:Building Python package in '/home/motong/ros_learn/d2lros2/chapt2/chapt2_ws/src/example_py'
[0.443s] INFO:colcon.colcon_core.shell:Skip shell extension 'powershell' for command environment: Not usable outside of PowerShell
[0.443s] DEBUG:colcon.colcon_core.shell:Skip shell extension 'dsv' for command environment
[0.689s] DEBUG:colcon.colcon_core.task.python.build:Available setuptools commands: setopt, install, upload_docs, clean, alias, bdist_rpm, install_data, build, bdist_wheel, symlink_data, saveopts, bdist, install_egg_info, build_ext, rotate, check, install_headers, egg_info, sdist, easy_install, build_py, bdist_egg, bdist_dumb, install_scripts, dist_info, install_lib, build_clib, test, upload, build_scripts, develop, register
[0.692s] DEBUG:colcon.colcon_core.event_handler.log_command:Invoking command in '/home/motong/ros_learn/d2lros2/chapt2/chapt2_ws/src/example_py': PYTHONPATH=/home/motong/ros_learn/d2lros2/chapt2/chapt2_ws/build/example_py/prefix_override:/usr/lib/python3/dist-packages/colcon_core/task/python/colcon_distutils_commands:/home/motong/ros_learn/d2lros2/chapt2/chapt2_ws/install/example_py/lib/python3.10/site-packages:${PYTHONPATH} /usr/bin/python3 -W ignore:setup.py install is deprecated -W ignore:easy_install command is deprecated setup.py egg_info --egg-base ../../build/example_py build --build-base /home/motong/ros_learn/d2lros2/chapt2/chapt2_ws/build/example_py/build install --record /home/motong/ros_learn/d2lros2/chapt2/chapt2_ws/build/example_py/install.log --install-scripts $base/lib/example_py --single-version-externally-managed install_data
[0.898s] DEBUG:colcon.colcon_core.event_handler.log_command:Invoked command in '/home/motong/ros_learn/d2lros2/chapt2/chapt2_ws/src/example_py' returned '0': PYTHONPATH=/home/motong/ros_learn/d2lros2/chapt2/chapt2_ws/build/example_py/prefix_override:/usr/lib/python3/dist-packages/colcon_core/task/python/colcon_distutils_commands:/home/motong/ros_learn/d2lros2/chapt2/chapt2_ws/install/example_py/lib/python3.10/site-packages:${PYTHONPATH} /usr/bin/python3 -W ignore:setup.py install is deprecated -W ignore:easy_install command is deprecated setup.py egg_info --egg-base ../../build/example_py build --build-base /home/motong/ros_learn/d2lros2/chapt2/chapt2_ws/build/example_py/build install --record /home/motong/ros_learn/d2lros2/chapt2/chapt2_ws/build/example_py/install.log --install-scripts $base/lib/example_py --single-version-externally-managed install_data
[0.900s] Level 1:colcon.colcon_core.environment:checking '/home/motong/ros_learn/d2lros2/chapt2/chapt2_ws/install/example_py' for CMake module files
[0.900s] Level 1:colcon.colcon_core.environment:checking '/home/motong/ros_learn/d2lros2/chapt2/chapt2_ws/install/example_py' for CMake config files
[0.901s] Level 1:colcon.colcon_core.environment:checking '/home/motong/ros_learn/d2lros2/chapt2/chapt2_ws/install/example_py/lib'
[0.901s] Level 1:colcon.colcon_core.environment:checking '/home/motong/ros_learn/d2lros2/chapt2/chapt2_ws/install/example_py/bin'
[0.901s] Level 1:colcon.colcon_core.environment:checking '/home/motong/ros_learn/d2lros2/chapt2/chapt2_ws/install/example_py/lib/pkgconfig/example_py.pc'
[0.901s] Level 1:colcon.colcon_core.environment:checking '/home/motong/ros_learn/d2lros2/chapt2/chapt2_ws/install/example_py/lib/python3.10/site-packages'
[0.901s] Level 1:colcon.colcon_core.shell:create_environment_hook('example_py', 'pythonpath')
[0.901s] INFO:colcon.colcon_core.shell:Creating environment hook '/home/motong/ros_learn/d2lros2/chapt2/chapt2_ws/install/example_py/share/example_py/hook/pythonpath.ps1'
[0.902s] INFO:colcon.colcon_core.shell:Creating environment descriptor '/home/motong/ros_learn/d2lros2/chapt2/chapt2_ws/install/example_py/share/example_py/hook/pythonpath.dsv'
[0.902s] INFO:colcon.colcon_core.shell:Creating environment hook '/home/motong/ros_learn/d2lros2/chapt2/chapt2_ws/install/example_py/share/example_py/hook/pythonpath.sh'
[0.903s] Level 1:colcon.colcon_core.environment:checking '/home/motong/ros_learn/d2lros2/chapt2/chapt2_ws/install/example_py/bin'
[0.903s] Level 1:colcon.colcon_core.environment:create_environment_scripts_only(example_py)
[0.903s] INFO:colcon.colcon_core.shell:Creating package script '/home/motong/ros_learn/d2lros2/chapt2/chapt2_ws/install/example_py/share/example_py/package.ps1'
[0.904s] INFO:colcon.colcon_core.shell:Creating package descriptor '/home/motong/ros_learn/d2lros2/chapt2/chapt2_ws/install/example_py/share/example_py/package.dsv'
[0.904s] INFO:colcon.colcon_core.shell:Creating package script '/home/motong/ros_learn/d2lros2/chapt2/chapt2_ws/install/example_py/share/example_py/package.sh'
[0.905s] INFO:colcon.colcon_core.shell:Creating package script '/home/motong/ros_learn/d2lros2/chapt2/chapt2_ws/install/example_py/share/example_py/package.bash'
[0.905s] INFO:colcon.colcon_core.shell:Creating package script '/home/motong/ros_learn/d2lros2/chapt2/chapt2_ws/install/example_py/share/example_py/package.zsh'
[0.906s] Level 1:colcon.colcon_core.environment:create_file_with_runtime_dependencies(/home/motong/ros_learn/d2lros2/chapt2/chapt2_ws/install/example_py/share/colcon-core/packages/example_py)
[2.687s] DEBUG:colcon.colcon_core.event_handler.log_command:Invoked command in '/home/motong/ros_learn/d2lros2/chapt2/chapt2_ws/build/example_cpp' returned '0': CMAKE_PREFIX_PATH=${CMAKE_PREFIX_PATH}:/home/motong/ros_learn/d2lros2/chapt2/chapt2_ws/install/example_py:/home/motong/ros_learn/d2lros2/chapt2/colcon_test_ws/install/launch_testing_examples:/home/motong/ros_learn/d2lros2/chapt2/colcon_test_ws/install/examples_rclpy_pointcloud_publisher:/home/motong/ros_learn/d2lros2/chapt2/colcon_test_ws/install/examples_rclpy_minimal_subscriber:/home/motong/ros_learn/d2lros2/chapt2/colcon_test_ws/install/examples_rclpy_minimal_service:/home/motong/ros_learn/d2lros2/chapt2/colcon_test_ws/install/examples_rclpy_minimal_publisher:/home/motong/ros_learn/d2lros2/chapt2/colcon_test_ws/install/examples_rclpy_minimal_client:/home/motong/ros_learn/d2lros2/chapt2/colcon_test_ws/install/examples_rclpy_minimal_action_server:/home/motong/ros_learn/d2lros2/chapt2/colcon_test_ws/install/examples_rclpy_minimal_action_client:/home/motong/ros_learn/d2lros2/chapt2/colcon_test_ws/install/examples_rclpy_guard_conditions:/home/motong/ros_learn/d2lros2/chapt2/colcon_test_ws/install/examples_rclpy_executors:/opt/ros/humble /usr/bin/cmake --build /home/motong/ros_learn/d2lros2/chapt2/chapt2_ws/build/example_cpp -- -j8 -l8
[2.700s] DEBUG:colcon.colcon_core.event_handler.log_command:Invoking command in '/home/motong/ros_learn/d2lros2/chapt2/chapt2_ws/build/example_cpp': CMAKE_PREFIX_PATH=${CMAKE_PREFIX_PATH}:/home/motong/ros_learn/d2lros2/chapt2/chapt2_ws/install/example_py:/home/motong/ros_learn/d2lros2/chapt2/colcon_test_ws/install/launch_testing_examples:/home/motong/ros_learn/d2lros2/chapt2/colcon_test_ws/install/examples_rclpy_pointcloud_publisher:/home/motong/ros_learn/d2lros2/chapt2/colcon_test_ws/install/examples_rclpy_minimal_subscriber:/home/motong/ros_learn/d2lros2/chapt2/colcon_test_ws/install/examples_rclpy_minimal_service:/home/motong/ros_learn/d2lros2/chapt2/colcon_test_ws/install/examples_rclpy_minimal_publisher:/home/motong/ros_learn/d2lros2/chapt2/colcon_test_ws/install/examples_rclpy_minimal_client:/home/motong/ros_learn/d2lros2/chapt2/colcon_test_ws/install/examples_rclpy_minimal_action_server:/home/motong/ros_learn/d2lros2/chapt2/colcon_test_ws/install/examples_rclpy_minimal_action_client:/home/motong/ros_learn/d2lros2/chapt2/colcon_test_ws/install/examples_rclpy_guard_conditions:/home/motong/ros_learn/d2lros2/chapt2/colcon_test_ws/install/examples_rclpy_executors:/opt/ros/humble /usr/bin/cmake --install /home/motong/ros_learn/d2lros2/chapt2/chapt2_ws/build/example_cpp
[2.712s] Level 1:colcon.colcon_core.environment:create_environment_scripts_only(example_cpp)
[2.712s] DEBUG:colcon.colcon_core.event_handler.log_command:Invoked command in '/home/motong/ros_learn/d2lros2/chapt2/chapt2_ws/build/example_cpp' returned '0': CMAKE_PREFIX_PATH=${CMAKE_PREFIX_PATH}:/home/motong/ros_learn/d2lros2/chapt2/chapt2_ws/install/example_py:/home/motong/ros_learn/d2lros2/chapt2/colcon_test_ws/install/launch_testing_examples:/home/motong/ros_learn/d2lros2/chapt2/colcon_test_ws/install/examples_rclpy_pointcloud_publisher:/home/motong/ros_learn/d2lros2/chapt2/colcon_test_ws/install/examples_rclpy_minimal_subscriber:/home/motong/ros_learn/d2lros2/chapt2/colcon_test_ws/install/examples_rclpy_minimal_service:/home/motong/ros_learn/d2lros2/chapt2/colcon_test_ws/install/examples_rclpy_minimal_publisher:/home/motong/ros_learn/d2lros2/chapt2/colcon_test_ws/install/examples_rclpy_minimal_client:/home/motong/ros_learn/d2lros2/chapt2/colcon_test_ws/install/examples_rclpy_minimal_action_server:/home/motong/ros_learn/d2lros2/chapt2/colcon_test_ws/install/examples_rclpy_minimal_action_client:/home/motong/ros_learn/d2lros2/chapt2/colcon_test_ws/install/examples_rclpy_guard_conditions:/home/motong/ros_learn/d2lros2/chapt2/colcon_test_ws/install/examples_rclpy_executors:/opt/ros/humble /usr/bin/cmake --install /home/motong/ros_learn/d2lros2/chapt2/chapt2_ws/build/example_cpp
[2.713s] Level 1:colcon.colcon_core.environment:checking '/home/motong/ros_learn/d2lros2/chapt2/chapt2_ws/install/example_cpp' for CMake module files
[2.713s] Level 1:colcon.colcon_core.environment:checking '/home/motong/ros_learn/d2lros2/chapt2/chapt2_ws/install/example_cpp' for CMake config files
[2.713s] Level 1:colcon.colcon_core.shell:create_environment_hook('example_cpp', 'cmake_prefix_path')
[2.714s] INFO:colcon.colcon_core.shell:Creating environment hook '/home/motong/ros_learn/d2lros2/chapt2/chapt2_ws/install/example_cpp/share/example_cpp/hook/cmake_prefix_path.ps1'
[2.714s] INFO:colcon.colcon_core.shell:Creating environment descriptor '/home/motong/ros_learn/d2lros2/chapt2/chapt2_ws/install/example_cpp/share/example_cpp/hook/cmake_prefix_path.dsv'
[2.714s] INFO:colcon.colcon_core.shell:Creating environment hook '/home/motong/ros_learn/d2lros2/chapt2/chapt2_ws/install/example_cpp/share/example_cpp/hook/cmake_prefix_path.sh'
[2.715s] Level 1:colcon.colcon_core.environment:checking '/home/motong/ros_learn/d2lros2/chapt2/chapt2_ws/install/example_cpp/lib'
[2.715s] Level 1:colcon.colcon_core.environment:checking '/home/motong/ros_learn/d2lros2/chapt2/chapt2_ws/install/example_cpp/bin'
[2.715s] Level 1:colcon.colcon_core.environment:checking '/home/motong/ros_learn/d2lros2/chapt2/chapt2_ws/install/example_cpp/lib/pkgconfig/example_cpp.pc'
[2.715s] Level 1:colcon.colcon_core.environment:checking '/home/motong/ros_learn/d2lros2/chapt2/chapt2_ws/install/example_cpp/lib/python3.10/site-packages'
[2.715s] Level 1:colcon.colcon_core.environment:checking '/home/motong/ros_learn/d2lros2/chapt2/chapt2_ws/install/example_cpp/bin'
[2.716s] INFO:colcon.colcon_core.shell:Creating package script '/home/motong/ros_learn/d2lros2/chapt2/chapt2_ws/install/example_cpp/share/example_cpp/package.ps1'
[2.716s] INFO:colcon.colcon_core.shell:Creating package descriptor '/home/motong/ros_learn/d2lros2/chapt2/chapt2_ws/install/example_cpp/share/example_cpp/package.dsv'
[2.716s] INFO:colcon.colcon_core.shell:Creating package script '/home/motong/ros_learn/d2lros2/chapt2/chapt2_ws/install/example_cpp/share/example_cpp/package.sh'
[2.717s] INFO:colcon.colcon_core.shell:Creating package script '/home/motong/ros_learn/d2lros2/chapt2/chapt2_ws/install/example_cpp/share/example_cpp/package.bash'
[2.717s] INFO:colcon.colcon_core.shell:Creating package script '/home/motong/ros_learn/d2lros2/chapt2/chapt2_ws/install/example_cpp/share/example_cpp/package.zsh'
[2.718s] Level 1:colcon.colcon_core.environment:create_file_with_runtime_dependencies(/home/motong/ros_learn/d2lros2/chapt2/chapt2_ws/install/example_cpp/share/colcon-core/packages/example_cpp)
[2.718s] Level 1:colcon.colcon_core.environment:create_environment_scripts_only(example_cpp)
[2.718s] Level 1:colcon.colcon_core.environment:checking '/home/motong/ros_learn/d2lros2/chapt2/chapt2_ws/install/example_cpp' for CMake module files
[2.718s] Level 1:colcon.colcon_core.environment:checking '/home/motong/ros_learn/d2lros2/chapt2/chapt2_ws/install/example_cpp' for CMake config files
[2.719s] Level 1:colcon.colcon_core.shell:create_environment_hook('example_cpp', 'cmake_prefix_path')
[2.719s] INFO:colcon.colcon_core.shell:Creating environment hook '/home/motong/ros_learn/d2lros2/chapt2/chapt2_ws/install/example_cpp/share/example_cpp/hook/cmake_prefix_path.ps1'
[2.719s] INFO:colcon.colcon_core.shell:Creating environment descriptor '/home/motong/ros_learn/d2lros2/chapt2/chapt2_ws/install/example_cpp/share/example_cpp/hook/cmake_prefix_path.dsv'
[2.720s] INFO:colcon.colcon_core.shell:Creating environment hook '/home/motong/ros_learn/d2lros2/chapt2/chapt2_ws/install/example_cpp/share/example_cpp/hook/cmake_prefix_path.sh'
[2.720s] Level 1:colcon.colcon_core.environment:checking '/home/motong/ros_learn/d2lros2/chapt2/chapt2_ws/install/example_cpp/lib'
[2.720s] Level 1:colcon.colcon_core.environment:checking '/home/motong/ros_learn/d2lros2/chapt2/chapt2_ws/install/example_cpp/bin'
[2.720s] Level 1:colcon.colcon_core.environment:checking '/home/motong/ros_learn/d2lros2/chapt2/chapt2_ws/install/example_cpp/lib/pkgconfig/example_cpp.pc'
[2.720s] Level 1:colcon.colcon_core.environment:checking '/home/motong/ros_learn/d2lros2/chapt2/chapt2_ws/install/example_cpp/lib/python3.10/site-packages'
[2.720s] Level 1:colcon.colcon_core.environment:checking '/home/motong/ros_learn/d2lros2/chapt2/chapt2_ws/install/example_cpp/bin'
[2.721s] INFO:colcon.colcon_core.shell:Creating package script '/home/motong/ros_learn/d2lros2/chapt2/chapt2_ws/install/example_cpp/share/example_cpp/package.ps1'
[2.721s] INFO:colcon.colcon_core.shell:Creating package descriptor '/home/motong/ros_learn/d2lros2/chapt2/chapt2_ws/install/example_cpp/share/example_cpp/package.dsv'
[2.721s] INFO:colcon.colcon_core.shell:Creating package script '/home/motong/ros_learn/d2lros2/chapt2/chapt2_ws/install/example_cpp/share/example_cpp/package.sh'
[2.722s] INFO:colcon.colcon_core.shell:Creating package script '/home/motong/ros_learn/d2lros2/chapt2/chapt2_ws/install/example_cpp/share/example_cpp/package.bash'
[2.722s] INFO:colcon.colcon_core.shell:Creating package script '/home/motong/ros_learn/d2lros2/chapt2/chapt2_ws/install/example_cpp/share/example_cpp/package.zsh'
[2.723s] Level 1:colcon.colcon_core.environment:create_file_with_runtime_dependencies(/home/motong/ros_learn/d2lros2/chapt2/chapt2_ws/install/example_cpp/share/colcon-core/packages/example_cpp)
[2.723s] DEBUG:colcon.colcon_parallel_executor.executor.parallel:closing loop
[2.723s] DEBUG:colcon.colcon_parallel_executor.executor.parallel:loop closed
[2.724s] DEBUG:colcon.colcon_parallel_executor.executor.parallel:run_until_complete finished with '0'
[2.724s] DEBUG:colcon.colcon_core.event_reactor:joining thread
[2.728s] INFO:colcon.colcon_core.plugin_system:Skipping extension 'colcon_notification.desktop_notification.terminal_notifier': Not used on non-Darwin systems
[2.728s] INFO:colcon.colcon_core.plugin_system:Skipping extension 'colcon_notification.desktop_notification.win32': Not used on non-Windows systems
[2.728s] INFO:colcon.colcon_notification.desktop_notification:Sending desktop notification using 'notify2'
[2.739s] DEBUG:colcon.colcon_core.event_reactor:joined thread
[2.739s] INFO:colcon.colcon_core.shell:Creating prefix script '/home/motong/ros_learn/d2lros2/chapt2/chapt2_ws/install/local_setup.ps1'
[2.740s] INFO:colcon.colcon_core.shell:Creating prefix util module '/home/motong/ros_learn/d2lros2/chapt2/chapt2_ws/install/_local_setup_util_ps1.py'
[2.741s] INFO:colcon.colcon_core.shell:Creating prefix chain script '/home/motong/ros_learn/d2lros2/chapt2/chapt2_ws/install/setup.ps1'
[2.743s] INFO:colcon.colcon_core.shell:Creating prefix script '/home/motong/ros_learn/d2lros2/chapt2/chapt2_ws/install/local_setup.sh'
[2.744s] INFO:colcon.colcon_core.shell:Creating prefix util module '/home/motong/ros_learn/d2lros2/chapt2/chapt2_ws/install/_local_setup_util_sh.py'
[2.744s] INFO:colcon.colcon_core.shell:Creating prefix chain script '/home/motong/ros_learn/d2lros2/chapt2/chapt2_ws/install/setup.sh'
[2.746s] INFO:colcon.colcon_core.shell:Creating prefix script '/home/motong/ros_learn/d2lros2/chapt2/chapt2_ws/install/local_setup.bash'
[2.746s] INFO:colcon.colcon_core.shell:Creating prefix chain script '/home/motong/ros_learn/d2lros2/chapt2/chapt2_ws/install/setup.bash'
[2.748s] INFO:colcon.colcon_core.shell:Creating prefix script '/home/motong/ros_learn/d2lros2/chapt2/chapt2_ws/install/local_setup.zsh'
[2.748s] INFO:colcon.colcon_core.shell:Creating prefix chain script '/home/motong/ros_learn/d2lros2/chapt2/chapt2_ws/install/setup.zsh'
