[0.018s] Invoking command in '/home/motong/ros_learn/d2lros2/chapt2/chapt2_ws/build/example_cpp': CMAKE_PREFIX_PATH=${CMAKE_PREFIX_PATH}:/home/motong/ros_learn/d2lros2/chapt2/chapt2_ws/install/example_py:/home/motong/ros_learn/d2lros2/chapt2/colcon_test_ws/install/launch_testing_examples:/home/motong/ros_learn/d2lros2/chapt2/colcon_test_ws/install/examples_rclpy_pointcloud_publisher:/home/motong/ros_learn/d2lros2/chapt2/colcon_test_ws/install/examples_rclpy_minimal_subscriber:/home/motong/ros_learn/d2lros2/chapt2/colcon_test_ws/install/examples_rclpy_minimal_service:/home/motong/ros_learn/d2lros2/chapt2/colcon_test_ws/install/examples_rclpy_minimal_publisher:/home/motong/ros_learn/d2lros2/chapt2/colcon_test_ws/install/examples_rclpy_minimal_client:/home/motong/ros_learn/d2lros2/chapt2/colcon_test_ws/install/examples_rclpy_minimal_action_server:/home/motong/ros_learn/d2lros2/chapt2/colcon_test_ws/install/examples_rclpy_minimal_action_client:/home/motong/ros_learn/d2lros2/chapt2/colcon_test_ws/install/examples_rclpy_guard_conditions:/home/motong/ros_learn/d2lros2/chapt2/colcon_test_ws/install/examples_rclpy_executors:/opt/ros/humble /usr/bin/cmake --build /home/motong/ros_learn/d2lros2/chapt2/chapt2_ws/build/example_cpp -- -j8 -l8
[0.071s] [35m[1mConsolidate compiler generated dependencies of target node_03[0m
[0.093s] [ 50%] [32mBuilding CXX object CMakeFiles/node_03.dir/src/node_03.cpp.o[0m
[2.329s] [100%] [32m[1mLinking CXX executable node_03[0m
[2.426s] [100%] Built target node_03
[2.439s] Invoked command in '/home/motong/ros_learn/d2lros2/chapt2/chapt2_ws/build/example_cpp' returned '0': CMAKE_PREFIX_PATH=${CMAKE_PREFIX_PATH}:/home/motong/ros_learn/d2lros2/chapt2/chapt2_ws/install/example_py:/home/motong/ros_learn/d2lros2/chapt2/colcon_test_ws/install/launch_testing_examples:/home/motong/ros_learn/d2lros2/chapt2/colcon_test_ws/install/examples_rclpy_pointcloud_publisher:/home/motong/ros_learn/d2lros2/chapt2/colcon_test_ws/install/examples_rclpy_minimal_subscriber:/home/motong/ros_learn/d2lros2/chapt2/colcon_test_ws/install/examples_rclpy_minimal_service:/home/motong/ros_learn/d2lros2/chapt2/colcon_test_ws/install/examples_rclpy_minimal_publisher:/home/motong/ros_learn/d2lros2/chapt2/colcon_test_ws/install/examples_rclpy_minimal_client:/home/motong/ros_learn/d2lros2/chapt2/colcon_test_ws/install/examples_rclpy_minimal_action_server:/home/motong/ros_learn/d2lros2/chapt2/colcon_test_ws/install/examples_rclpy_minimal_action_client:/home/motong/ros_learn/d2lros2/chapt2/colcon_test_ws/install/examples_rclpy_guard_conditions:/home/motong/ros_learn/d2lros2/chapt2/colcon_test_ws/install/examples_rclpy_executors:/opt/ros/humble /usr/bin/cmake --build /home/motong/ros_learn/d2lros2/chapt2/chapt2_ws/build/example_cpp -- -j8 -l8
[2.453s] Invoking command in '/home/motong/ros_learn/d2lros2/chapt2/chapt2_ws/build/example_cpp': CMAKE_PREFIX_PATH=${CMAKE_PREFIX_PATH}:/home/motong/ros_learn/d2lros2/chapt2/chapt2_ws/install/example_py:/home/motong/ros_learn/d2lros2/chapt2/colcon_test_ws/install/launch_testing_examples:/home/motong/ros_learn/d2lros2/chapt2/colcon_test_ws/install/examples_rclpy_pointcloud_publisher:/home/motong/ros_learn/d2lros2/chapt2/colcon_test_ws/install/examples_rclpy_minimal_subscriber:/home/motong/ros_learn/d2lros2/chapt2/colcon_test_ws/install/examples_rclpy_minimal_service:/home/motong/ros_learn/d2lros2/chapt2/colcon_test_ws/install/examples_rclpy_minimal_publisher:/home/motong/ros_learn/d2lros2/chapt2/colcon_test_ws/install/examples_rclpy_minimal_client:/home/motong/ros_learn/d2lros2/chapt2/colcon_test_ws/install/examples_rclpy_minimal_action_server:/home/motong/ros_learn/d2lros2/chapt2/colcon_test_ws/install/examples_rclpy_minimal_action_client:/home/motong/ros_learn/d2lros2/chapt2/colcon_test_ws/install/examples_rclpy_guard_conditions:/home/motong/ros_learn/d2lros2/chapt2/colcon_test_ws/install/examples_rclpy_executors:/opt/ros/humble /usr/bin/cmake --install /home/motong/ros_learn/d2lros2/chapt2/chapt2_ws/build/example_cpp
[2.461s] -- Install configuration: ""
[2.461s] -- Up-to-date: /home/motong/ros_learn/d2lros2/chapt2/chapt2_ws/install/example_cpp/share/ament_index/resource_index/package_run_dependencies/example_cpp
[2.461s] -- Installing: /home/motong/ros_learn/d2lros2/chapt2/chapt2_ws/install/example_cpp/share/ament_index/resource_index/parent_prefix_path/example_cpp
[2.461s] -- Up-to-date: /home/motong/ros_learn/d2lros2/chapt2/chapt2_ws/install/example_cpp/share/example_cpp/environment/ament_prefix_path.sh
[2.462s] -- Installing: /home/motong/ros_learn/d2lros2/chapt2/chapt2_ws/install/example_cpp/share/example_cpp/environment/ament_prefix_path.dsv
[2.462s] -- Up-to-date: /home/motong/ros_learn/d2lros2/chapt2/chapt2_ws/install/example_cpp/share/example_cpp/environment/path.sh
[2.462s] -- Installing: /home/motong/ros_learn/d2lros2/chapt2/chapt2_ws/install/example_cpp/share/example_cpp/environment/path.dsv
[2.462s] -- Up-to-date: /home/motong/ros_learn/d2lros2/chapt2/chapt2_ws/install/example_cpp/share/example_cpp/local_setup.bash
[2.462s] -- Up-to-date: /home/motong/ros_learn/d2lros2/chapt2/chapt2_ws/install/example_cpp/share/example_cpp/local_setup.sh
[2.462s] -- Up-to-date: /home/motong/ros_learn/d2lros2/chapt2/chapt2_ws/install/example_cpp/share/example_cpp/local_setup.zsh
[2.462s] -- Installing: /home/motong/ros_learn/d2lros2/chapt2/chapt2_ws/install/example_cpp/share/example_cpp/local_setup.dsv
[2.462s] -- Installing: /home/motong/ros_learn/d2lros2/chapt2/chapt2_ws/install/example_cpp/share/example_cpp/package.dsv
[2.462s] -- Up-to-date: /home/motong/ros_learn/d2lros2/chapt2/chapt2_ws/install/example_cpp/share/ament_index/resource_index/packages/example_cpp
[2.462s] -- Up-to-date: /home/motong/ros_learn/d2lros2/chapt2/chapt2_ws/install/example_cpp/share/example_cpp/cmake/example_cppConfig.cmake
[2.462s] -- Up-to-date: /home/motong/ros_learn/d2lros2/chapt2/chapt2_ws/install/example_cpp/share/example_cpp/cmake/example_cppConfig-version.cmake
[2.462s] -- Up-to-date: /home/motong/ros_learn/d2lros2/chapt2/chapt2_ws/install/example_cpp/share/example_cpp/package.xml
[2.463s] -- Installing: /home/motong/ros_learn/d2lros2/chapt2/chapt2_ws/install/example_cpp/lib/example_cpp/node_03
[2.463s] -- Set runtime path of "/home/motong/ros_learn/d2lros2/chapt2/chapt2_ws/install/example_cpp/lib/example_cpp/node_03" to ""
[2.465s] Invoked command in '/home/motong/ros_learn/d2lros2/chapt2/chapt2_ws/build/example_cpp' returned '0': CMAKE_PREFIX_PATH=${CMAKE_PREFIX_PATH}:/home/motong/ros_learn/d2lros2/chapt2/chapt2_ws/install/example_py:/home/motong/ros_learn/d2lros2/chapt2/colcon_test_ws/install/launch_testing_examples:/home/motong/ros_learn/d2lros2/chapt2/colcon_test_ws/install/examples_rclpy_pointcloud_publisher:/home/motong/ros_learn/d2lros2/chapt2/colcon_test_ws/install/examples_rclpy_minimal_subscriber:/home/motong/ros_learn/d2lros2/chapt2/colcon_test_ws/install/examples_rclpy_minimal_service:/home/motong/ros_learn/d2lros2/chapt2/colcon_test_ws/install/examples_rclpy_minimal_publisher:/home/motong/ros_learn/d2lros2/chapt2/colcon_test_ws/install/examples_rclpy_minimal_client:/home/motong/ros_learn/d2lros2/chapt2/colcon_test_ws/install/examples_rclpy_minimal_action_server:/home/motong/ros_learn/d2lros2/chapt2/colcon_test_ws/install/examples_rclpy_minimal_action_client:/home/motong/ros_learn/d2lros2/chapt2/colcon_test_ws/install/examples_rclpy_guard_conditions:/home/motong/ros_learn/d2lros2/chapt2/colcon_test_ws/install/examples_rclpy_executors:/opt/ros/humble /usr/bin/cmake --install /home/motong/ros_learn/d2lros2/chapt2/chapt2_ws/build/example_cpp
